Archive member included to satisfy reference by file (symbol)

d:/fpga/nios2eds/bin/gnu/h-x86_64-mingw32/bin/../lib/gcc/nios2-elf/5.3.0\libgcc.a(lib2-divmod.o)
                              obj/default/counter.o (__modsi3)
d:/fpga/nios2eds/bin/gnu/h-x86_64-mingw32/bin/../lib/gcc/nios2-elf/5.3.0/../../../../../H-x86_64-mingw32/nios2-elf/lib\libc.a(lib_a-printf.o)
                              obj/default/counter.o (printf)
d:/fpga/nios2eds/bin/gnu/h-x86_64-mingw32/bin/../lib/gcc/nios2-elf/5.3.0/../../../../../H-x86_64-mingw32/nios2-elf/lib\libc.a(lib_a-puts.o)
                              obj/default/counter.o (puts)
d:/fpga/nios2eds/bin/gnu/h-x86_64-mingw32/bin/../lib/gcc/nios2-elf/5.3.0/../../../../../H-x86_64-mingw32/nios2-elf/lib\libc.a(lib_a-strlen.o)
                              d:/fpga/nios2eds/bin/gnu/h-x86_64-mingw32/bin/../lib/gcc/nios2-elf/5.3.0/../../../../../H-x86_64-mingw32/nios2-elf/lib\libc.a(lib_a-puts.o) (strlen)
d:/fpga/nios2eds/bin/gnu/h-x86_64-mingw32/bin/../lib/gcc/nios2-elf/5.3.0/../../../../../H-x86_64-mingw32/nios2-elf/lib\libc.a(lib_a-vfprintf.o)
                              d:/fpga/nios2eds/bin/gnu/h-x86_64-mingw32/bin/../lib/gcc/nios2-elf/5.3.0/../../../../../H-x86_64-mingw32/nios2-elf/lib\libc.a(lib_a-printf.o) (___vfprintf_internal_r)
d:/fpga/nios2eds/bin/gnu/h-x86_64-mingw32/bin/../lib/gcc/nios2-elf/5.3.0/../../../../../H-x86_64-mingw32/nios2-elf/lib\libc.a(lib_a-wsetup.o)
                              d:/fpga/nios2eds/bin/gnu/h-x86_64-mingw32/bin/../lib/gcc/nios2-elf/5.3.0/../../../../../H-x86_64-mingw32/nios2-elf/lib\libc.a(lib_a-vfprintf.o) (__swsetup_r)
d:/fpga/nios2eds/bin/gnu/h-x86_64-mingw32/bin/../lib/gcc/nios2-elf/5.3.0/../../../../../H-x86_64-mingw32/nios2-elf/lib\libc.a(lib_a-dtoa.o)
                              d:/fpga/nios2eds/bin/gnu/h-x86_64-mingw32/bin/../lib/gcc/nios2-elf/5.3.0/../../../../../H-x86_64-mingw32/nios2-elf/lib\libc.a(lib_a-vfprintf.o) (_dtoa_r)
d:/fpga/nios2eds/bin/gnu/h-x86_64-mingw32/bin/../lib/gcc/nios2-elf/5.3.0/../../../../../H-x86_64-mingw32/nios2-elf/lib\libc.a(lib_a-fflush.o)
                              d:/fpga/nios2eds/bin/gnu/h-x86_64-mingw32/bin/../lib/gcc/nios2-elf/5.3.0/../../../../../H-x86_64-mingw32/nios2-elf/lib\libc.a(lib_a-vfprintf.o) (_fflush_r)
d:/fpga/nios2eds/bin/gnu/h-x86_64-mingw32/bin/../lib/gcc/nios2-elf/5.3.0/../../../../../H-x86_64-mingw32/nios2-elf/lib\libc.a(lib_a-findfp.o)
                              d:/fpga/nios2eds/bin/gnu/h-x86_64-mingw32/bin/../lib/gcc/nios2-elf/5.3.0/../../../../../H-x86_64-mingw32/nios2-elf/lib\libc.a(lib_a-puts.o) (__sinit)
d:/fpga/nios2eds/bin/gnu/h-x86_64-mingw32/bin/../lib/gcc/nios2-elf/5.3.0/../../../../../H-x86_64-mingw32/nios2-elf/lib\libc.a(lib_a-freer.o)
                              d:/fpga/nios2eds/bin/gnu/h-x86_64-mingw32/bin/../lib/gcc/nios2-elf/5.3.0/../../../../../H-x86_64-mingw32/nios2-elf/lib\libc.a(lib_a-wsetup.o) (_free_r)
d:/fpga/nios2eds/bin/gnu/h-x86_64-mingw32/bin/../lib/gcc/nios2-elf/5.3.0/../../../../../H-x86_64-mingw32/nios2-elf/lib\libc.a(lib_a-fvwrite.o)
                              d:/fpga/nios2eds/bin/gnu/h-x86_64-mingw32/bin/../lib/gcc/nios2-elf/5.3.0/../../../../../H-x86_64-mingw32/nios2-elf/lib\libc.a(lib_a-puts.o) (__sfvwrite_r)
d:/fpga/nios2eds/bin/gnu/h-x86_64-mingw32/bin/../lib/gcc/nios2-elf/5.3.0/../../../../../H-x86_64-mingw32/nios2-elf/lib\libc.a(lib_a-fwalk.o)
                              d:/fpga/nios2eds/bin/gnu/h-x86_64-mingw32/bin/../lib/gcc/nios2-elf/5.3.0/../../../../../H-x86_64-mingw32/nios2-elf/lib\libc.a(lib_a-findfp.o) (_fwalk)
d:/fpga/nios2eds/bin/gnu/h-x86_64-mingw32/bin/../lib/gcc/nios2-elf/5.3.0/../../../../../H-x86_64-mingw32/nios2-elf/lib\libc.a(lib_a-impure.o)
                              d:/fpga/nios2eds/bin/gnu/h-x86_64-mingw32/bin/../lib/gcc/nios2-elf/5.3.0/../../../../../H-x86_64-mingw32/nios2-elf/lib\libc.a(lib_a-fflush.o) (_global_impure_ptr)
d:/fpga/nios2eds/bin/gnu/h-x86_64-mingw32/bin/../lib/gcc/nios2-elf/5.3.0/../../../../../H-x86_64-mingw32/nios2-elf/lib\libc.a(lib_a-locale.o)
                              d:/fpga/nios2eds/bin/gnu/h-x86_64-mingw32/bin/../lib/gcc/nios2-elf/5.3.0/../../../../../H-x86_64-mingw32/nios2-elf/lib\libc.a(lib_a-vfprintf.o) (_localeconv_r)
d:/fpga/nios2eds/bin/gnu/h-x86_64-mingw32/bin/../lib/gcc/nios2-elf/5.3.0/../../../../../H-x86_64-mingw32/nios2-elf/lib\libc.a(lib_a-makebuf.o)
                              d:/fpga/nios2eds/bin/gnu/h-x86_64-mingw32/bin/../lib/gcc/nios2-elf/5.3.0/../../../../../H-x86_64-mingw32/nios2-elf/lib\libc.a(lib_a-wsetup.o) (__smakebuf_r)
d:/fpga/nios2eds/bin/gnu/h-x86_64-mingw32/bin/../lib/gcc/nios2-elf/5.3.0/../../../../../H-x86_64-mingw32/nios2-elf/lib\libc.a(lib_a-mallocr.o)
                              d:/fpga/nios2eds/bin/gnu/h-x86_64-mingw32/bin/../lib/gcc/nios2-elf/5.3.0/../../../../../H-x86_64-mingw32/nios2-elf/lib\libc.a(lib_a-findfp.o) (_malloc_r)
[...]
Memory Configuration

Name             Origin             Length             Attributes
reset            0x0000000001000000 0x0000000000000020
SDRAM_controller 0x0000000001000020 0x0000000000ffffe0
*default*        0x0000000000000000 0xffffffffffffffff

Linker script and memory map

LOAD ../DMA_bsp//obj/HAL/src/crt0.o
LOAD obj/default/counter.o
LOAD d:/fpga/nios2eds/bin/gnu/h-x86_64-mingw32/bin/../lib/gcc/nios2-elf/5.3.0/../../../../../H-x86_64-mingw32/nios2-elf/lib\libstdc++.a
LOAD d:/fpga/nios2eds/bin/gnu/h-x86_64-mingw32/bin/../lib/gcc/nios2-elf/5.3.0/../../../../../H-x86_64-mingw32/nios2-elf/lib\libm.a
LOAD d:/fpga/nios2eds/bin/gnu/h-x86_64-mingw32/bin/../lib/gcc/nios2-elf/5.3.0\libgcc.a
START GROUP
LOAD d:/fpga/nios2eds/bin/gnu/h-x86_64-mingw32/bin/../lib/gcc/nios2-elf/5.3.0/../../../../../H-x86_64-mingw32/nios2-elf/lib\libc.a
LOAD d:/fpga/nios2eds/bin/gnu/h-x86_64-mingw32/bin/../lib/gcc/nios2-elf/5.3.0\libgcc.a
LOAD ../DMA_bsp/\libhal_bsp.a
LOAD d:/fpga/nios2eds/bin/gnu/h-x86_64-mingw32/bin/../lib/gcc/nios2-elf/5.3.0/../../../../../H-x86_64-mingw32/nios2-elf/lib\libm.a
END GROUP
LOAD d:/fpga/nios2eds/bin/gnu/h-x86_64-mingw32/bin/../lib/gcc/nios2-elf/5.3.0\libgcc.a
                0x0000000001000000                __alt_mem_SDRAM_controller = 0x1000000

.entry          0x0000000001000000       0x20
 *(.entry)
 .entry         0x0000000001000000       0x20 ../DMA_bsp//obj/HAL/src/crt0.o
                0x0000000001000000                __reset

.exceptions     0x0000000001000020      0x224
                0x0000000001000020                PROVIDE (__ram_exceptions_start, ABSOLUTE (.))
                0x0000000001000020                . = ALIGN (0x20)
 *(.irq)
 *(.exceptions.entry.label)
 .exceptions.entry.label
                0x0000000001000020        0x0 ../DMA_bsp/\libhal_bsp.a(alt_irq_entry.o)
                0x0000000001000020                alt_irq_entry
 .exceptions.entry.label
                0x0000000001000020        0x0 ../DMA_bsp/\libhal_bsp.a(alt_exception_entry.o)
                0x0000000001000020                alt_exception
 *(.exceptions.entry.user)
 *(.exceptions.entry.ecc_fatal)
 *(.exceptions.entry)
 .exceptions.entry
                0x0000000001000020       0x54 ../DMA_bsp/\libhal_bsp.a(alt_exception_entry.o)
 *(.exceptions.irqtest.user)
 *(.exceptions.irqtest)
 .exceptions.irqtest
                0x0000000001000074       0x10 ../DMA_bsp/\libhal_bsp.a(alt_irq_entry.o)
 *(.exceptions.irqhandler.user)
 *(.exceptions.irqhandler)
 .exceptions.irqhandler
                0x0000000001000084        0x4 ../DMA_bsp/\libhal_bsp.a(alt_irq_entry.o)
 *(.exceptions.irqreturn.user)
 *(.exceptions.irqreturn)
 .exceptions.irqreturn
                0x0000000001000088        0x4 ../DMA_bsp/\libhal_bsp.a(alt_irq_entry.o)
 *(.exceptions.notirq.label)
 .exceptions.notirq.label
                0x000000000100008c        0x0 ../DMA_bsp/\libhal_bsp.a(alt_irq_entry.o)
 *(.exceptions.notirq.user)
 *(.exceptions.notirq)
 .exceptions.notirq
                0x000000000100008c        0x8 ../DMA_bsp/\libhal_bsp.a(alt_exception_entry.o)
 *(.exceptions.soft.user)
 *(.exceptions.soft)
 *(.exceptions.unknown.user)
 *(.exceptions.unknown)
 .exceptions.unknown
                0x0000000001000094       0x14 ../DMA_bsp/\libhal_bsp.a(alt_exception_entry.o)
 *(.exceptions.exit.label)
 .exceptions.exit.label
                0x00000000010000a8        0x0 ../DMA_bsp/\libhal_bsp.a(alt_irq_entry.o)
 .exceptions.exit.label
                0x00000000010000a8        0x0 ../DMA_bsp/\libhal_bsp.a(alt_exception_entry.o)
 *(.exceptions.exit.user)
 *(.exceptions.exit)
 .exceptions.exit
                0x00000000010000a8       0x54 ../DMA_bsp/\libhal_bsp.a(alt_exception_entry.o)
 *(.exceptions)
 .exceptions    0x00000000010000fc       0xd4 ../DMA_bsp/\libhal_bsp.a(alt_irq_handler.o)
                0x00000000010000fc                alt_irq_handler
 .exceptions    0x00000000010001d0       0x74 ../DMA_bsp/\libhal_bsp.a(alt_instruction_exception_entry.o)
                0x00000000010001d0                alt_instruction_exception_entry
                0x0000000001000244                PROVIDE (__ram_exceptions_end, ABSOLUTE (.))
                0x0000000001000020                PROVIDE (__flash_exceptions_start, LOADADDR (.exceptions))

.text           0x0000000001000244     0xfb2c
                [!provide]                        PROVIDE (stext, ABSOLUTE (.))
 *(.interp)
 *(.hash)
 *(.dynsym)
 *(.dynstr)
 *(.gnu.version)
 *(.gnu.version_d)
 *(.gnu.version_r)
 *(.rel.init)
 *(.rela.init)
 *(.rel.text .rel.text.* .rel.gnu.linkonce.t.*)
 *(.rela.text .rela.text.* .rela.gnu.linkonce.t.*)
 *(.rel.fini)
 *(.rela.fini)
 *(.rel.rodata .rel.rodata.* .rel.gnu.linkonce.r.*)
 *(.rela.rodata .rela.rodata.* .rela.gnu.linkonce.r.*)
 *(.rel.data .rel.data.* .rel.gnu.linkonce.d.*)
 *(.rela.data .rela.data.* .rela.gnu.linkonce.d.*)
 *(.rel.tdata .rel.tdata.* .rel.gnu.linkonce.td.*)
 *(.rela.tdata .rela.tdata.* .rela.gnu.linkonce.td.*)
 *(.rel.tbss .rel.tbss.* .rel.gnu.linkonce.tb.*)
 *(.rela.tbss .rela.tbss.* .rela.gnu.linkonce.tb.*)
 *(.rel.ctors)
 *(.rela.ctors)
 *(.rel.dtors)
 *(.rela.dtors)
 *(.rel.got)
 *(.rela.got)
 *(.rel.sdata .rel.sdata.* .rel.gnu.linkonce.s.*)
 *(.rela.sdata .rela.sdata.* .rela.gnu.linkonce.s.*)
 *(.rel.sbss .rel.sbss.* .rel.gnu.linkonce.sb.*)
 *(.rela.sbss .rela.sbss.* .rela.gnu.linkonce.sb.*)
 *(.rel.sdata2 .rel.sdata2.* .rel.gnu.linkonce.s2.*)
 *(.rela.sdata2 .rela.sdata2.* .rela.gnu.linkonce.s2.*)
 *(.rel.sbss2 .rel.sbss2.* .rel.gnu.linkonce.sb2.*)
 *(.rela.sbss2 .rela.sbss2.* .rela.gnu.linkonce.sb2.*)
 *(.rel.bss .rel.bss.* .rel.gnu.linkonce.b.*)
 *(.rela.bss .rela.bss.* .rela.gnu.linkonce.b.*)
 *(.rel.plt)
 *(.rela.plt)
 *(.rel.dyn)
 *(.init)
 *(.plt)
 *(.text .stub .text.* .gnu.linkonce.t.*)
 .text          0x0000000001000244       0x4c ../DMA_bsp//obj/HAL/src/crt0.o
                0x0000000001000244                _start
 .text          0x0000000001000290      0x890 obj/default/counter.o
                0x0000000001000290                main
                0x00000000010005a0                init_LCD
                0x0000000001000830                LCD_Write_Command
                0x0000000001000864                LCD_Write_Data
                0x0000000001000898                LCD_DMA_Size
                0x00000000010008cc                LCD_DMA_Pointer
                0x0000000001000904                LCD_DMA_IRQ_ACK
                0x0000000001000934                LCD_DMA_Start
                0x0000000001000964                LCD_dram_image
                0x00000000010009d8                LCD_RGB
 .text          0x0000000001000b20      0x1b4 d:/fpga/nios2eds/bin/gnu/h-x86_64-mingw32/bin/../lib/gcc/nios2-elf/5.3.0\libgcc.a(lib2-divmod.o)
                0x0000000001000b20                __divsi3
                0x0000000001000ba4                __modsi3
                0x0000000001000c18                __udivsi3
                0x0000000001000c7c                __umodsi3
 .text          0x0000000001000cd4        0x0 d:/fpga/nios2eds/bin/gnu/h-x86_64-mingw32/bin/../lib/gcc/nios2-elf/5.3.0/../../../../../H-x86_64-mingw32/nios2-elf/lib\libc.a(lib_a-printf.o)
 .text._printf_r
                0x0000000001000cd4       0x30 d:/fpga/nios2eds/bin/gnu/h-x86_64-mingw32/bin/../lib/gcc/nios2-elf/5.3.0/../../../../../H-x86_64-mingw32/nios2-elf/lib\libc.a(lib_a-printf.o)
                0x0000000001000cd4                _printf_r
 .text.printf   0x0000000001000d04       0x3c d:/fpga/nios2eds/bin/gnu/h-x86_64-mingw32/bin/../lib/gcc/nios2-elf/5.3.0/../../../../../H-x86_64-mingw32/nios2-elf/lib\libc.a(lib_a-printf.o)
                0x0000000001000d04                printf
 .text          0x0000000001000d40        0x0 d:/fpga/nios2eds/bin/gnu/h-x86_64-mingw32/bin/../lib/gcc/nios2-elf/5.3.0/../../../../../H-x86_64-mingw32/nios2-elf/lib\libc.a(lib_a-puts.o)
 .text._puts_r  0x0000000001000d40       0xc0 d:/fpga/nios2eds/bin/gnu/h-x86_64-mingw32/bin/../lib/gcc/nios2-elf/5.3.0/../../../../../H-x86_64-mingw32/nios2-elf/lib\libc.a(lib_a-puts.o)
                0x0000000001000d40                _puts_r
 .text.puts     0x0000000001000e00       0x14 d:/fpga/nios2eds/bin/gnu/h-x86_64-mingw32/bin/../lib/gcc/nios2-elf/5.3.0/../../../../../H-x86_64-mingw32/nios2-elf/lib\libc.a(lib_a-puts.o)
                0x0000000001000e00                puts
 .text          0x0000000001000e14        0x0 d:/fpga/nios2eds/bin/gnu/h-x86_64-mingw32/bin/../lib/gcc/nios2-elf/5.3.0/../../../../../H-x86_64-mingw32/nios2-elf/lib\libc.a(lib_a-strlen.o)
 .text.strlen   0x0000000001000e14       0x98 d:/fpga/nios2eds/bin/gnu/h-x86_64-mingw32/bin/../lib/gcc/nios2-elf/5.3.0/../../../../../H-x86_64-mingw32/nios2-elf/lib\libc.a(lib_a-strlen.o)
                0x0000000001000e14                strlen
 .text          0x0000000001000eac        0x0 d:/fpga/nios2eds/bin/gnu/h-x86_64-mingw32/bin/../lib/gcc/nios2-elf/5.3.0/../../../../../H-x86_64-mingw32/nios2-elf/lib\libc.a(lib_a-vfprintf.o)
 .text.___vfprintf_internal_r
                0x0000000001000eac     0x21f8 d:/fpga/nios2eds/bin/gnu/h-x86_64-mingw32/bin/../lib/gcc/nios2-elf/5.3.0/../../../../../H-x86_64-mingw32/nios2-elf/lib\libc.a(lib_a-vfprintf.o)
                0x0000000001000eac                ___vfprintf_internal_r
 .text.__vfprintf_internal
                0x00000000010030a4       0x1c d:/fpga/nios2eds/bin/gnu/h-x86_64-mingw32/bin/../lib/gcc/nios2-elf/5.3.0/../../../../../H-x86_64-mingw32/nios2-elf/lib\libc.a(lib_a-vfprintf.o)
                0x00000000010030a4                __vfprintf_internal
 .text.__sbprintf
                0x00000000010030c0       0xbc d:/fpga/nios2eds/bin/gnu/h-x86_64-mingw32/bin/../lib/gcc/nios2-elf/5.3.0/../../../../../H-x86_64-mingw32/nios2-elf/lib\libc.a(lib_a-vfprintf.o)
 .text          0x000000000100317c        0x0 d:/fpga/nios2eds/bin/gnu/h-x86_64-mingw32/bin/../lib/gcc/nios2-elf/5.3.0/../../../../../H-x86_64-mingw32/nios2-elf/lib\libc.a(lib_a-wsetup.o)
 .text.__swsetup_r
                0x000000000100317c      0x154 d:/fpga/nios2eds/bin/gnu/h-x86_64-mingw32/bin/../lib/gcc/nios2-elf/5.3.0/../../../../../H-x86_64-mingw32/nios2-elf/lib\libc.a(lib_a-wsetup.o)
                0x000000000100317c                __swsetup_r
 .text          0x00000000010032d0        0x0 d:/fpga/nios2eds/bin/gnu/h-x86_64-mingw32/bin/../lib/gcc/nios2-elf/5.3.0/../../../../../H-x86_64-mingw32/nios2-elf/lib\libc.a(lib_a-dtoa.o)
 .text.quorem   0x00000000010032d0      0x200 d:/fpga/nios2eds/bin/gnu/h-x86_64-mingw32/bin/../lib/gcc/nios2-elf/5.3.0/../../../../../H-x86_64-mingw32/nios2-elf/lib\libc.a(lib_a-dtoa.o)
 .text._dtoa_r  0x00000000010034d0     0x1688 d:/fpga/nios2eds/bin/gnu/h-x86_64-mingw32/bin/../lib/gcc/nios2-elf/5.3.0/../../../../../H-x86_64-mingw32/nios2-elf/lib\libc.a(lib_a-dtoa.o)
                0x00000000010034d0                _dtoa_r
 .text          0x0000000001004b58        0x0 d:/fpga/nios2eds/bin/gnu/h-x86_64-mingw32/bin/../lib/gcc/nios2-elf/5.3.0/../../../../../H-x86_64-mingw32/nios2-elf/lib\libc.a(lib_a-fflush.o)
 .text.__sflush_r
                0x0000000001004b58      0x21c d:/fpga/nios2eds/bin/gnu/h-x86_64-mingw32/bin/../lib/gcc/nios2-elf/5.3.0/../../../../../H-x86_64-mingw32/nios2-elf/lib\libc.a(lib_a-fflush.o)
                0x0000000001004b58                __sflush_r
 .text._fflush_r
                0x0000000001004d74       0x5c d:/fpga/nios2eds/bin/gnu/h-x86_64-mingw32/bin/../lib/gcc/nios2-elf/5.3.0/../../../../../H-x86_64-mingw32/nios2-elf/lib\libc.a(lib_a-fflush.o)
                0x0000000001004d74                _fflush_r
 .text.fflush   0x0000000001004dd0       0x30 d:/fpga/nios2eds/bin/gnu/h-x86_64-mingw32/bin/../lib/gcc/nios2-elf/5.3.0/../../../../../H-x86_64-mingw32/nios2-elf/lib\libc.a(lib_a-fflush.o)
                0x0000000001004dd0                fflush
 .text          0x0000000001004e00        0x0 d:/fpga/nios2eds/bin/gnu/h-x86_64-mingw32/bin/../lib/gcc/nios2-elf/5.3.0/../../../../../H-x86_64-mingw32/nios2-elf/lib\libc.a(lib_a-findfp.o)
 .text.__fp_unlock
                0x0000000001004e00        0x8 d:/fpga/nios2eds/bin/gnu/h-x86_64-mingw32/bin/../lib/gcc/nios2-elf/5.3.0/../../../../../H-x86_64-mingw32/nios2-elf/lib\libc.a(lib_a-findfp.o)
 .text._cleanup_r
                0x0000000001004e08        0xc d:/fpga/nios2eds/bin/gnu/h-x86_64-mingw32/bin/../lib/gcc/nios2-elf/5.3.0/../../../../../H-x86_64-mingw32/nios2-elf/lib\libc.a(lib_a-findfp.o)
                0x0000000001004e08                _cleanup_r
 .text.__sinit.part.1
                0x0000000001004e14      0x19c d:/fpga/nios2eds/bin/gnu/h-x86_64-mingw32/bin/../lib/gcc/nios2-elf/5.3.0/../../../../../H-x86_64-mingw32/nios2-elf/lib\libc.a(lib_a-findfp.o)
 .text.__fp_lock
                0x0000000001004fb0        0x8 d:/fpga/nios2eds/bin/gnu/h-x86_64-mingw32/bin/../lib/gcc/nios2-elf/5.3.0/../../../../../H-x86_64-mingw32/nios2-elf/lib\libc.a(lib_a-findfp.o)
 .text.__sfmoreglue
                0x0000000001004fb8       0x68 d:/fpga/nios2eds/bin/gnu/h-x86_64-mingw32/bin/../lib/gcc/nios2-elf/5.3.0/../../../../../H-x86_64-mingw32/nios2-elf/lib\libc.a(lib_a-findfp.o)
                0x0000000001004fb8                __sfmoreglue
 .text.__sfp    0x0000000001005020      0x118 d:/fpga/nios2eds/bin/gnu/h-x86_64-mingw32/bin/../lib/gcc/nios2-elf/5.3.0/../../../../../H-x86_64-mingw32/nios2-elf/lib\libc.a(lib_a-findfp.o)
                0x0000000001005020                __sfp
 .text._cleanup
                0x0000000001005138       0x18 d:/fpga/nios2eds/bin/gnu/h-x86_64-mingw32/bin/../lib/gcc/nios2-elf/5.3.0/../../../../../H-x86_64-mingw32/nios2-elf/lib\libc.a(lib_a-findfp.o)
                0x0000000001005138                _cleanup
 .text.__sinit  0x0000000001005150       0x10 d:/fpga/nios2eds/bin/gnu/h-x86_64-mingw32/bin/../lib/gcc/nios2-elf/5.3.0/../../../../../H-x86_64-mingw32/nios2-elf/lib\libc.a(lib_a-findfp.o)
                0x0000000001005150                __sinit
 .text.__sfp_lock_acquire
                0x0000000001005160        0x4 d:/fpga/nios2eds/bin/gnu/h-x86_64-mingw32/bin/../lib/gcc/nios2-elf/5.3.0/../../../../../H-x86_64-mingw32/nios2-elf/lib\libc.a(lib_a-findfp.o)
                0x0000000001005160                __sfp_lock_acquire
 .text.__sfp_lock_release
                0x0000000001005164        0x4 d:/fpga/nios2eds/bin/gnu/h-x86_64-mingw32/bin/../lib/gcc/nios2-elf/5.3.0/../../../../../H-x86_64-mingw32/nios2-elf/lib\libc.a(lib_a-findfp.o)
                0x0000000001005164                __sfp_lock_release
 .text.__sinit_lock_acquire
                0x0000000001005168        0x4 d:/fpga/nios2eds/bin/gnu/h-x86_64-mingw32/bin/../lib/gcc/nios2-elf/5.3.0/../../../../../H-x86_64-mingw32/nios2-elf/lib\libc.a(lib_a-findfp.o)
                0x0000000001005168                __sinit_lock_acquire
 .text.__sinit_lock_release
                0x000000000100516c        0x4 d:/fpga/nios2eds/bin/gnu/h-x86_64-mingw32/bin/../lib/gcc/nios2-elf/5.3.0/../../../../../H-x86_64-mingw32/nios2-elf/lib\libc.a(lib_a-findfp.o)
                0x000000000100516c                __sinit_lock_release
 .text.__fp_lock_all
                0x0000000001005170       0x18 d:/fpga/nios2eds/bin/gnu/h-x86_64-mingw32/bin/../lib/gcc/nios2-elf/5.3.0/../../../../../H-x86_64-mingw32/nios2-elf/lib\libc.a(lib_a-findfp.o)
                0x0000000001005170                __fp_lock_all
 .text.__fp_unlock_all
                0x0000000001005188       0x18 d:/fpga/nios2eds/bin/gnu/h-x86_64-mingw32/bin/../lib/gcc/nios2-elf/5.3.0/../../../../../H-x86_64-mingw32/nios2-elf/lib\libc.a(lib_a-findfp.o)
                0x0000000001005188                __fp_unlock_all
 .text          0x00000000010051a0        0x0 d:/fpga/nios2eds/bin/gnu/h-x86_64-mingw32/bin/../lib/gcc/nios2-elf/5.3.0/../../../../../H-x86_64-mingw32/nios2-elf/lib\libc.a(lib_a-freer.o)
 .text._malloc_trim_r
                0x00000000010051a0      0x124 d:/fpga/nios2eds/bin/gnu/h-x86_64-mingw32/bin/../lib/gcc/nios2-elf/5.3.0/../../../../../H-x86_64-mingw32/nios2-elf/lib\libc.a(lib_a-freer.o)
                0x00000000010051a0                _malloc_trim_r
 .text._free_r  0x00000000010052c4      0x310 d:/fpga/nios2eds/bin/gnu/h-x86_64-mingw32/bin/../lib/gcc/nios2-elf/5.3.0/../../../../../H-x86_64-mingw32/nios2-elf/lib\libc.a(lib_a-freer.o)
                0x00000000010052c4                _free_r
 .text          0x00000000010055d4        0x0 d:/fpga/nios2eds/bin/gnu/h-x86_64-mingw32/bin/../lib/gcc/nios2-elf/5.3.0/../../../../../H-x86_64-mingw32/nios2-elf/lib\libc.a(lib_a-fvwrite.o)
 .text.__sfvwrite_r
                0x00000000010055d4      0x4bc d:/fpga/nios2eds/bin/gnu/h-x86_64-mingw32/bin/../lib/gcc/nios2-elf/5.3.0/../../../../../H-x86_64-mingw32/nios2-elf/lib\libc.a(lib_a-fvwrite.o)
                0x00000000010055d4                __sfvwrite_r
 .text          0x0000000001005a90        0x0 d:/fpga/nios2eds/bin/gnu/h-x86_64-mingw32/bin/../lib/gcc/nios2-elf/5.3.0/../../../../../H-x86_64-mingw32/nios2-elf/lib\libc.a(lib_a-fwalk.o)
 .text._fwalk   0x0000000001005a90       0xc4 d:/fpga/nios2eds/bin/gnu/h-x86_64-mingw32/bin/../lib/gcc/nios2-elf/5.3.0/../../../../../H-x86_64-mingw32/nios2-elf/lib\libc.a(lib_a-fwalk.o)
                0x0000000001005a90                _fwalk
 .text._fwalk_reent
                0x0000000001005b54       0xc4 d:/fpga/nios2eds/bin/gnu/h-x86_64-mingw32/bin/../lib/gcc/nios2-elf/5.3.0/../../../../../H-x86_64-mingw32/nios2-elf/lib\libc.a(lib_a-fwalk.o)
                0x0000000001005b54                _fwalk_reent
 .text          0x0000000001005c18        0x0 d:/fpga/nios2eds/bin/gnu/h-x86_64-mingw32/bin/../lib/gcc/nios2-elf/5.3.0/../../../../../H-x86_64-mingw32/nios2-elf/lib\libc.a(lib_a-impure.o)
 .text          0x0000000001005c18        0x0 d:/fpga/nios2eds/bin/gnu/h-x86_64-mingw32/bin/../lib/gcc/nios2-elf/5.3.0/../../../../../H-x86_64-mingw32/nios2-elf/lib\libc.a(lib_a-locale.o)
 .text._setlocale_r
                0x0000000001005c18       0x7c d:/fpga/nios2eds/bin/gnu/h-x86_64-mingw32/bin/../lib/gcc/nios2-elf/5.3.0/../../../../../H-x86_64-mingw32/nios2-elf/lib\libc.a(lib_a-locale.o)
                0x0000000001005c18                _setlocale_r
 .text.__locale_charset
                0x0000000001005c94        0xc d:/fpga/nios2eds/bin/gnu/h-x86_64-mingw32/bin/../lib/gcc/nios2-elf/5.3.0/../../../../../H-x86_64-mingw32/nios2-elf/lib\libc.a(lib_a-locale.o)
                0x0000000001005c94                __locale_charset
 .text.__locale_mb_cur_max
                0x0000000001005ca0       0x10 d:/fpga/nios2eds/bin/gnu/h-x86_64-mingw32/bin/../lib/gcc/nios2-elf/5.3.0/../../../../../H-x86_64-mingw32/nios2-elf/lib\libc.a(lib_a-locale.o)
                0x0000000001005ca0                __locale_mb_cur_max
 .text.__locale_msgcharset
                0x0000000001005cb0        0xc d:/fpga/nios2eds/bin/gnu/h-x86_64-mingw32/bin/../lib/gcc/nios2-elf/5.3.0/../../../../../H-x86_64-mingw32/nios2-elf/lib\libc.a(lib_a-locale.o)
                0x0000000001005cb0                __locale_msgcharset
 .text.__locale_cjk_lang
                0x0000000001005cbc        0x8 d:/fpga/nios2eds/bin/gnu/h-x86_64-mingw32/bin/../lib/gcc/nios2-elf/5.3.0/../../../../../H-x86_64-mingw32/nios2-elf/lib\libc.a(lib_a-locale.o)
                0x0000000001005cbc                __locale_cjk_lang
 .text._localeconv_r
                0x0000000001005cc4        0xc d:/fpga/nios2eds/bin/gnu/h-x86_64-mingw32/bin/../lib/gcc/nios2-elf/5.3.0/../../../../../H-x86_64-mingw32/nios2-elf/lib\libc.a(lib_a-locale.o)
                0x0000000001005cc4                _localeconv_r
 .text.setlocale
                0x0000000001005cd0       0x18 d:/fpga/nios2eds/bin/gnu/h-x86_64-mingw32/bin/../lib/gcc/nios2-elf/5.3.0/../../../../../H-x86_64-mingw32/nios2-elf/lib\libc.a(lib_a-locale.o)
                0x0000000001005cd0                setlocale
 .text.localeconv
                0x0000000001005ce8        0xc d:/fpga/nios2eds/bin/gnu/h-x86_64-mingw32/bin/../lib/gcc/nios2-elf/5.3.0/../../../../../H-x86_64-mingw32/nios2-elf/lib\libc.a(lib_a-locale.o)
                0x0000000001005ce8                localeconv
 .text          0x0000000001005cf4        0x0 d:/fpga/nios2eds/bin/gnu/h-x86_64-mingw32/bin/../lib/gcc/nios2-elf/5.3.0/../../../../../H-x86_64-mingw32/nios2-elf/lib\libc.a(lib_a-makebuf.o)
 .text.__smakebuf_r
                0x0000000001005cf4      0x1bc d:/fpga/nios2eds/bin/gnu/h-x86_64-mingw32/bin/../lib/gcc/nios2-elf/5.3.0/../../../../../H-x86_64-mingw32/nios2-elf/lib\libc.a(lib_a-makebuf.o)
                0x0000000001005cf4                __smakebuf_r
 .text          0x0000000001005eb0        0x0 d:/fpga/nios2eds/bin/gnu/h-x86_64-mingw32/bin/../lib/gcc/nios2-elf/5.3.0/../../../../../H-x86_64-mingw32/nios2-elf/lib\libc.a(lib_a-mallocr.o)
 .text._malloc_r
                0x0000000001005eb0      0x80c d:/fpga/nios2eds/bin/gnu/h-x86_64-mingw32/bin/../lib/gcc/nios2-elf/5.3.0/../../../../../H-x86_64-mingw32/nios2-elf/lib\libc.a(lib_a-mallocr.o)
                0x0000000001005eb0                _malloc_r
 .text          0x00000000010066bc        0x0 d:/fpga/nios2eds/bin/gnu/h-x86_64-mingw32/bin/../lib/gcc/nios2-elf/5.3.0/../../../../../H-x86_64-mingw32/nios2-elf/lib\libc.a(lib_a-memchr.o)
 .text.memchr   0x00000000010066bc       0xe4 d:/fpga/nios2eds/bin/gnu/h-x86_64-mingw32/bin/../lib/gcc/nios2-elf/5.3.0/../../../../../H-x86_64-mingw32/nios2-elf/lib\libc.a(lib_a-memchr.o)
                0x00000000010066bc                memchr
 .text          0x00000000010067a0        0x0 d:/fpga/nios2eds/bin/gnu/h-x86_64-mingw32/bin/../lib/gcc/nios2-elf/5.3.0/../../../../../H-x86_64-mingw32/nios2-elf/lib\libc.a(lib_a-memcpy.o)
 .text.memcpy   0x00000000010067a0      0x148 d:/fpga/nios2eds/bin/gnu/h-x86_64-mingw32/bin/../lib/gcc/nios2-elf/5.3.0/../../../../../H-x86_64-mingw32/nios2-elf/lib\libc.a(lib_a-memcpy.o)
                0x00000000010067a0                memcpy
 .text          0x00000000010068e8        0x0 d:/fpga/nios2eds/bin/gnu/h-x86_64-mingw32/bin/../lib/gcc/nios2-elf/5.3.0/../../../../../H-x86_64-mingw32/nios2-elf/lib\libc.a(lib_a-memmove.o)
 .text.memmove  0x00000000010068e8      0x15c d:/fpga/nios2eds/bin/gnu/h-x86_64-mingw32/bin/../lib/gcc/nios2-elf/5.3.0/../../../../../H-x86_64-mingw32/nios2-elf/lib\libc.a(lib_a-memmove.o)
                0x00000000010068e8                memmove
 .text          0x0000000001006a44        0x0 d:/fpga/nios2eds/bin/gnu/h-x86_64-mingw32/bin/../lib/gcc/nios2-elf/5.3.0/../../../../../H-x86_64-mingw32/nios2-elf/lib\libc.a(lib_a-memset.o)
 .text.memset   0x0000000001006a44      0x128 d:/fpga/nios2eds/bin/gnu/h-x86_64-mingw32/bin/../lib/gcc/nios2-elf/5.3.0/../../../../../H-x86_64-mingw32/nios2-elf/lib\libc.a(lib_a-memset.o)
                0x0000000001006a44                memset
 .text          0x0000000001006b6c        0x0 d:/fpga/nios2eds/bin/gnu/h-x86_64-mingw32/bin/../lib/gcc/nios2-elf/5.3.0/../../../../../H-x86_64-mingw32/nios2-elf/lib\libc.a(lib_a-mprec.o)
 .text._Balloc  0x0000000001006b6c       0xa8 d:/fpga/nios2eds/bin/gnu/h-x86_64-mingw32/bin/../lib/gcc/nios2-elf/5.3.0/../../../../../H-x86_64-mingw32/nios2-elf/lib\libc.a(lib_a-mprec.o)
                0x0000000001006b6c                _Balloc
 .text._Bfree   0x0000000001006c14       0x28 d:/fpga/nios2eds/bin/gnu/h-x86_64-mingw32/bin/../lib/gcc/nios2-elf/5.3.0/../../../../../H-x86_64-mingw32/nios2-elf/lib\libc.a(lib_a-mprec.o)
                0x0000000001006c14                _Bfree
 .text.__multadd
                0x0000000001006c3c      0x120 d:/fpga/nios2eds/bin/gnu/h-x86_64-mingw32/bin/../lib/gcc/nios2-elf/5.3.0/../../../../../H-x86_64-mingw32/nios2-elf/lib\libc.a(lib_a-mprec.o)
                0x0000000001006c3c                __multadd
 .text.__s2b    0x0000000001006d5c      0x104 d:/fpga/nios2eds/bin/gnu/h-x86_64-mingw32/bin/../lib/gcc/nios2-elf/5.3.0/../../../../../H-x86_64-mingw32/nios2-elf/lib\libc.a(lib_a-mprec.o)
                0x0000000001006d5c                __s2b
 .text.__hi0bits
                0x0000000001006e60       0x68 d:/fpga/nios2eds/bin/gnu/h-x86_64-mingw32/bin/../lib/gcc/nios2-elf/5.3.0/../../../../../H-x86_64-mingw32/nios2-elf/lib\libc.a(lib_a-mprec.o)
                0x0000000001006e60                __hi0bits
 .text.__lo0bits
                0x0000000001006ec8       0xb0 d:/fpga/nios2eds/bin/gnu/h-x86_64-mingw32/bin/../lib/gcc/nios2-elf/5.3.0/../../../../../H-x86_64-mingw32/nios2-elf/lib\libc.a(lib_a-mprec.o)
                0x0000000001006ec8                __lo0bits
 .text.__i2b    0x0000000001006f78       0x3c d:/fpga/nios2eds/bin/gnu/h-x86_64-mingw32/bin/../lib/gcc/nios2-elf/5.3.0/../../../../../H-x86_64-mingw32/nios2-elf/lib\libc.a(lib_a-mprec.o)
                0x0000000001006f78                __i2b
 .text.__multiply
                0x0000000001006fb4      0x1f8 d:/fpga/nios2eds/bin/gnu/h-x86_64-mingw32/bin/../lib/gcc/nios2-elf/5.3.0/../../../../../H-x86_64-mingw32/nios2-elf/lib\libc.a(lib_a-mprec.o)
                0x0000000001006fb4                __multiply
 .text.__pow5mult
                0x00000000010071ac      0x140 d:/fpga/nios2eds/bin/gnu/h-x86_64-mingw32/bin/../lib/gcc/nios2-elf/5.3.0/../../../../../H-x86_64-mingw32/nios2-elf/lib\libc.a(lib_a-mprec.o)
                0x00000000010071ac                __pow5mult
 .text.__lshift
                0x00000000010072ec      0x148 d:/fpga/nios2eds/bin/gnu/h-x86_64-mingw32/bin/../lib/gcc/nios2-elf/5.3.0/../../../../../H-x86_64-mingw32/nios2-elf/lib\libc.a(lib_a-mprec.o)
                0x00000000010072ec                __lshift
 .text.__mcmp   0x0000000001007434       0x60 d:/fpga/nios2eds/bin/gnu/h-x86_64-mingw32/bin/../lib/gcc/nios2-elf/5.3.0/../../../../../H-x86_64-mingw32/nios2-elf/lib\libc.a(lib_a-mprec.o)
                0x0000000001007434                __mcmp
 .text.__mdiff  0x0000000001007494      0x1fc d:/fpga/nios2eds/bin/gnu/h-x86_64-mingw32/bin/../lib/gcc/nios2-elf/5.3.0/../../../../../H-x86_64-mingw32/nios2-elf/lib\libc.a(lib_a-mprec.o)
                0x0000000001007494                __mdiff
 .text.__ulp    0x0000000001007690       0x64 d:/fpga/nios2eds/bin/gnu/h-x86_64-mingw32/bin/../lib/gcc/nios2-elf/5.3.0/../../../../../H-x86_64-mingw32/nios2-elf/lib\libc.a(lib_a-mprec.o)
                0x0000000001007690                __ulp
 .text.__b2d    0x00000000010076f4      0x10c d:/fpga/nios2eds/bin/gnu/h-x86_64-mingw32/bin/../lib/gcc/nios2-elf/5.3.0/../../../../../H-x86_64-mingw32/nios2-elf/lib\libc.a(lib_a-mprec.o)
                0x00000000010076f4                __b2d
 .text.__d2b    0x0000000001007800      0x14c d:/fpga/nios2eds/bin/gnu/h-x86_64-mingw32/bin/../lib/gcc/nios2-elf/5.3.0/../../../../../H-x86_64-mingw32/nios2-elf/lib\libc.a(lib_a-mprec.o)
                0x0000000001007800                __d2b
 .text.__ratio  0x000000000100794c       0xa4 d:/fpga/nios2eds/bin/gnu/h-x86_64-mingw32/bin/../lib/gcc/nios2-elf/5.3.0/../../../../../H-x86_64-mingw32/nios2-elf/lib\libc.a(lib_a-mprec.o)
                0x000000000100794c                __ratio
 .text._mprec_log10
                0x00000000010079f0       0x74 d:/fpga/nios2eds/bin/gnu/h-x86_64-mingw32/bin/../lib/gcc/nios2-elf/5.3.0/../../../../../H-x86_64-mingw32/nios2-elf/lib\libc.a(lib_a-mprec.o)
                0x00000000010079f0                _mprec_log10
 .text.__copybits
                0x0000000001007a64       0x78 d:/fpga/nios2eds/bin/gnu/h-x86_64-mingw32/bin/../lib/gcc/nios2-elf/5.3.0/../../../../../H-x86_64-mingw32/nios2-elf/lib\libc.a(lib_a-mprec.o)
                0x0000000001007a64                __copybits
 .text.__any_on
                0x0000000001007adc       0x8c d:/fpga/nios2eds/bin/gnu/h-x86_64-mingw32/bin/../lib/gcc/nios2-elf/5.3.0/../../../../../H-x86_64-mingw32/nios2-elf/lib\libc.a(lib_a-mprec.o)
                0x0000000001007adc                __any_on
 .text          0x0000000001007b68        0x0 d:/fpga/nios2eds/bin/gnu/h-x86_64-mingw32/bin/../lib/gcc/nios2-elf/5.3.0/../../../../../H-x86_64-mingw32/nios2-elf/lib\libc.a(lib_a-reallocr.o)
 .text._realloc_r
                0x0000000001007b68      0x564 d:/fpga/nios2eds/bin/gnu/h-x86_64-mingw32/bin/../lib/gcc/nios2-elf/5.3.0/../../../../../H-x86_64-mingw32/nios2-elf/lib\libc.a(lib_a-reallocr.o)
                0x0000000001007b68                _realloc_r
 .text          0x00000000010080cc        0x0 d:/fpga/nios2eds/bin/gnu/h-x86_64-mingw32/bin/../lib/gcc/nios2-elf/5.3.0/../../../../../H-x86_64-mingw32/nios2-elf/lib\libc.a(lib_a-s_fpclassify.o)
 .text.__fpclassifyd
                0x00000000010080cc       0x74 d:/fpga/nios2eds/bin/gnu/h-x86_64-mingw32/bin/../lib/gcc/nios2-elf/5.3.0/../../../../../H-x86_64-mingw32/nios2-elf/lib\libc.a(lib_a-s_fpclassify.o)
                0x00000000010080cc                __fpclassifyd
 .text          0x0000000001008140        0x0 d:/fpga/nios2eds/bin/gnu/h-x86_64-mingw32/bin/../lib/gcc/nios2-elf/5.3.0/../../../../../H-x86_64-mingw32/nios2-elf/lib\libc.a(lib_a-sbrkr.o)
 .text._sbrk_r  0x0000000001008140       0x54 d:/fpga/nios2eds/bin/gnu/h-x86_64-mingw32/bin/../lib/gcc/nios2-elf/5.3.0/../../../../../H-x86_64-mingw32/nios2-elf/lib\libc.a(lib_a-sbrkr.o)
                0x0000000001008140                _sbrk_r
 .text          0x0000000001008194        0x0 d:/fpga/nios2eds/bin/gnu/h-x86_64-mingw32/bin/../lib/gcc/nios2-elf/5.3.0/../../../../../H-x86_64-mingw32/nios2-elf/lib\libc.a(lib_a-stdio.o)
 .text.__sread  0x0000000001008194       0x54 d:/fpga/nios2eds/bin/gnu/h-x86_64-mingw32/bin/../lib/gcc/nios2-elf/5.3.0/../../../../../H-x86_64-mingw32/nios2-elf/lib\libc.a(lib_a-stdio.o)
                0x0000000001008194                __sread
 .text.__seofread
                0x00000000010081e8        0x8 d:/fpga/nios2eds/bin/gnu/h-x86_64-mingw32/bin/../lib/gcc/nios2-elf/5.3.0/../../../../../H-x86_64-mingw32/nios2-elf/lib\libc.a(lib_a-stdio.o)
                0x00000000010081e8                __seofread
 .text.__swrite
                0x00000000010081f0       0x7c d:/fpga/nios2eds/bin/gnu/h-x86_64-mingw32/bin/../lib/gcc/nios2-elf/5.3.0/../../../../../H-x86_64-mingw32/nios2-elf/lib\libc.a(lib_a-stdio.o)
                0x00000000010081f0                __swrite
 .text.__sseek  0x000000000100826c       0x5c d:/fpga/nios2eds/bin/gnu/h-x86_64-mingw32/bin/../lib/gcc/nios2-elf/5.3.0/../../../../../H-x86_64-mingw32/nios2-elf/lib\libc.a(lib_a-stdio.o)
                0x000000000100826c                __sseek
 .text.__sclose
                0x00000000010082c8        0x8 d:/fpga/nios2eds/bin/gnu/h-x86_64-mingw32/bin/../lib/gcc/nios2-elf/5.3.0/../../../../../H-x86_64-mingw32/nios2-elf/lib\libc.a(lib_a-stdio.o)
                0x00000000010082c8                __sclose
 .text          0x00000000010082d0        0x0 d:/fpga/nios2eds/bin/gnu/h-x86_64-mingw32/bin/../lib/gcc/nios2-elf/5.3.0/../../../../../H-x86_64-mingw32/nios2-elf/lib\libc.a(lib_a-strcmp.o)
 .text.strcmp   0x00000000010082d0       0xdc d:/fpga/nios2eds/bin/gnu/h-x86_64-mingw32/bin/../lib/gcc/nios2-elf/5.3.0/../../../../../H-x86_64-mingw32/nios2-elf/lib\libc.a(lib_a-strcmp.o)
                0x00000000010082d0                strcmp
 .text          0x00000000010083ac        0x0 d:/fpga/nios2eds/bin/gnu/h-x86_64-mingw32/bin/../lib/gcc/nios2-elf/5.3.0/../../../../../H-x86_64-mingw32/nios2-elf/lib\libc.a(lib_a-vfiprintf.o)
 .text.__sprint_r.part.0
                0x00000000010083ac       0xfc d:/fpga/nios2eds/bin/gnu/h-x86_64-mingw32/bin/../lib/gcc/nios2-elf/5.3.0/../../../../../H-x86_64-mingw32/nios2-elf/lib\libc.a(lib_a-vfiprintf.o)
 .text.__sprint_r
                0x00000000010084a8       0x18 d:/fpga/nios2eds/bin/gnu/h-x86_64-mingw32/bin/../lib/gcc/nios2-elf/5.3.0/../../../../../H-x86_64-mingw32/nios2-elf/lib\libc.a(lib_a-vfiprintf.o)
                0x00000000010084a8                __sprint_r
 .text.___vfiprintf_internal_r
                0x00000000010084c0     0x145c d:/fpga/nios2eds/bin/gnu/h-x86_64-mingw32/bin/../lib/gcc/nios2-elf/5.3.0/../../../../../H-x86_64-mingw32/nios2-elf/lib\libc.a(lib_a-vfiprintf.o)
                0x00000000010084c0                ___vfiprintf_internal_r
 .text.__vfiprintf_internal
                0x000000000100991c       0x1c d:/fpga/nios2eds/bin/gnu/h-x86_64-mingw32/bin/../lib/gcc/nios2-elf/5.3.0/../../../../../H-x86_64-mingw32/nios2-elf/lib\libc.a(lib_a-vfiprintf.o)
                0x000000000100991c                __vfiprintf_internal
 .text.__sbprintf
                0x0000000001009938       0xbc d:/fpga/nios2eds/bin/gnu/h-x86_64-mingw32/bin/../lib/gcc/nios2-elf/5.3.0/../../../../../H-x86_64-mingw32/nios2-elf/lib\libc.a(lib_a-vfiprintf.o)
 .text          0x00000000010099f4        0x0 d:/fpga/nios2eds/bin/gnu/h-x86_64-mingw32/bin/../lib/gcc/nios2-elf/5.3.0/../../../../../H-x86_64-mingw32/nios2-elf/lib\libc.a(lib_a-writer.o)
 .text._write_r
                0x00000000010099f4       0x60 d:/fpga/nios2eds/bin/gnu/h-x86_64-mingw32/bin/../lib/gcc/nios2-elf/5.3.0/../../../../../H-x86_64-mingw32/nios2-elf/lib\libc.a(lib_a-writer.o)
                0x00000000010099f4                _write_r
 .text          0x0000000001009a54        0x0 d:/fpga/nios2eds/bin/gnu/h-x86_64-mingw32/bin/../lib/gcc/nios2-elf/5.3.0/../../../../../H-x86_64-mingw32/nios2-elf/lib\libc.a(closer.o)
 .text._close_r
                0x0000000001009a54       0x54 d:/fpga/nios2eds/bin/gnu/h-x86_64-mingw32/bin/../lib/gcc/nios2-elf/5.3.0/../../../../../H-x86_64-mingw32/nios2-elf/lib\libc.a(closer.o)
                0x0000000001009a54                _close_r
 .text          0x0000000001009aa8        0x0 d:/fpga/nios2eds/bin/gnu/h-x86_64-mingw32/bin/../lib/gcc/nios2-elf/5.3.0/../../../../../H-x86_64-mingw32/nios2-elf/lib\libc.a(lib_a-callocr.o)
 .text._calloc_r
                0x0000000001009aa8       0xc4 d:/fpga/nios2eds/bin/gnu/h-x86_64-mingw32/bin/../lib/gcc/nios2-elf/5.3.0/../../../../../H-x86_64-mingw32/nios2-elf/lib\libc.a(lib_a-callocr.o)
                0x0000000001009aa8                _calloc_r
 .text          0x0000000001009b6c        0x0 d:/fpga/nios2eds/bin/gnu/h-x86_64-mingw32/bin/../lib/gcc/nios2-elf/5.3.0/../../../../../H-x86_64-mingw32/nios2-elf/lib\libc.a(lib_a-fclose.o)
 .text._fclose_r
                0x0000000001009b6c       0xf0 d:/fpga/nios2eds/bin/gnu/h-x86_64-mingw32/bin/../lib/gcc/nios2-elf/5.3.0/../../../../../H-x86_64-mingw32/nios2-elf/lib\libc.a(lib_a-fclose.o)
                0x0000000001009b6c                _fclose_r
 .text.fclose   0x0000000001009c5c       0x14 d:/fpga/nios2eds/bin/gnu/h-x86_64-mingw32/bin/../lib/gcc/nios2-elf/5.3.0/../../../../../H-x86_64-mingw32/nios2-elf/lib\libc.a(lib_a-fclose.o)
                0x0000000001009c5c                fclose
 .text          0x0000000001009c70        0x0 d:/fpga/nios2eds/bin/gnu/h-x86_64-mingw32/bin/../lib/gcc/nios2-elf/5.3.0/../../../../../H-x86_64-mingw32/nios2-elf/lib\libc.a(lib_a-fputwc.o)
 .text.__fputwc
                0x0000000001009c70      0x164 d:/fpga/nios2eds/bin/gnu/h-x86_64-mingw32/bin/../lib/gcc/nios2-elf/5.3.0/../../../../../H-x86_64-mingw32/nios2-elf/lib\libc.a(lib_a-fputwc.o)
                0x0000000001009c70                __fputwc
 .text._fputwc_r
                0x0000000001009dd4       0x24 d:/fpga/nios2eds/bin/gnu/h-x86_64-mingw32/bin/../lib/gcc/nios2-elf/5.3.0/../../../../../H-x86_64-mingw32/nios2-elf/lib\libc.a(lib_a-fputwc.o)
                0x0000000001009dd4                _fputwc_r
 .text.fputwc   0x0000000001009df8       0x80 d:/fpga/nios2eds/bin/gnu/h-x86_64-mingw32/bin/../lib/gcc/nios2-elf/5.3.0/../../../../../H-x86_64-mingw32/nios2-elf/lib\libc.a(lib_a-fputwc.o)
                0x0000000001009df8                fputwc
 .text          0x0000000001009e78        0x0 d:/fpga/nios2eds/bin/gnu/h-x86_64-mingw32/bin/../lib/gcc/nios2-elf/5.3.0/../../../../../H-x86_64-mingw32/nios2-elf/lib\libc.a(lib_a-fstatr.o)
 .text._fstat_r
                0x0000000001009e78       0x5c d:/fpga/nios2eds/bin/gnu/h-x86_64-mingw32/bin/../lib/gcc/nios2-elf/5.3.0/../../../../../H-x86_64-mingw32/nios2-elf/lib\libc.a(lib_a-fstatr.o)
                0x0000000001009e78                _fstat_r
 .text          0x0000000001009ed4        0x0 d:/fpga/nios2eds/bin/gnu/h-x86_64-mingw32/bin/../lib/gcc/nios2-elf/5.3.0/../../../../../H-x86_64-mingw32/nios2-elf/lib\libc.a(lib_a-int_errno.o)
 .text          0x0000000001009ed4        0x0 d:/fpga/nios2eds/bin/gnu/h-x86_64-mingw32/bin/../lib/gcc/nios2-elf/5.3.0/../../../../../H-x86_64-mingw32/nios2-elf/lib\libc.a(lib_a-isattyr.o)
 .text._isatty_r
                0x0000000001009ed4       0x54 d:/fpga/nios2eds/bin/gnu/h-x86_64-mingw32/bin/../lib/gcc/nios2-elf/5.3.0/../../../../../H-x86_64-mingw32/nios2-elf/lib\libc.a(lib_a-isattyr.o)
                0x0000000001009ed4                _isatty_r
 .text          0x0000000001009f28        0x0 d:/fpga/nios2eds/bin/gnu/h-x86_64-mingw32/bin/../lib/gcc/nios2-elf/5.3.0/../../../../../H-x86_64-mingw32/nios2-elf/lib\libc.a(lib_a-lseekr.o)
 .text._lseek_r
                0x0000000001009f28       0x60 d:/fpga/nios2eds/bin/gnu/h-x86_64-mingw32/bin/../lib/gcc/nios2-elf/5.3.0/../../../../../H-x86_64-mingw32/nios2-elf/lib\libc.a(lib_a-lseekr.o)
                0x0000000001009f28                _lseek_r
 .text          0x0000000001009f88        0x0 d:/fpga/nios2eds/bin/gnu/h-x86_64-mingw32/bin/../lib/gcc/nios2-elf/5.3.0/../../../../../H-x86_64-mingw32/nios2-elf/lib\libc.a(lib_a-readr.o)
 .text._read_r  0x0000000001009f88       0x60 d:/fpga/nios2eds/bin/gnu/h-x86_64-mingw32/bin/../lib/gcc/nios2-elf/5.3.0/../../../../../H-x86_64-mingw32/nios2-elf/lib\libc.a(lib_a-readr.o)
                0x0000000001009f88                _read_r
 .text          0x0000000001009fe8        0x0 d:/fpga/nios2eds/bin/gnu/h-x86_64-mingw32/bin/../lib/gcc/nios2-elf/5.3.0/../../../../../H-x86_64-mingw32/nios2-elf/lib\libc.a(lib_a-wbuf.o)
 .text.__swbuf_r
                0x0000000001009fe8      0x140 d:/fpga/nios2eds/bin/gnu/h-x86_64-mingw32/bin/../lib/gcc/nios2-elf/5.3.0/../../../../../H-x86_64-mingw32/nios2-elf/lib\libc.a(lib_a-wbuf.o)
                0x0000000001009fe8                __swbuf_r
 .text.__swbuf  0x000000000100a128       0x18 d:/fpga/nios2eds/bin/gnu/h-x86_64-mingw32/bin/../lib/gcc/nios2-elf/5.3.0/../../../../../H-x86_64-mingw32/nios2-elf/lib\libc.a(lib_a-wbuf.o)
                0x000000000100a128                __swbuf
 .text          0x000000000100a140        0x0 d:/fpga/nios2eds/bin/gnu/h-x86_64-mingw32/bin/../lib/gcc/nios2-elf/5.3.0/../../../../../H-x86_64-mingw32/nios2-elf/lib\libc.a(lib_a-wcrtomb.o)
 .text._wcrtomb_r
                0x000000000100a140       0x9c d:/fpga/nios2eds/bin/gnu/h-x86_64-mingw32/bin/../lib/gcc/nios2-elf/5.3.0/../../../../../H-x86_64-mingw32/nios2-elf/lib\libc.a(lib_a-wcrtomb.o)
                0x000000000100a140                _wcrtomb_r
 .text.wcrtomb  0x000000000100a1dc       0xc0 d:/fpga/nios2eds/bin/gnu/h-x86_64-mingw32/bin/../lib/gcc/nios2-elf/5.3.0/../../../../../H-x86_64-mingw32/nios2-elf/lib\libc.a(lib_a-wcrtomb.o)
                0x000000000100a1dc                wcrtomb
 .text          0x000000000100a29c        0x0 d:/fpga/nios2eds/bin/gnu/h-x86_64-mingw32/bin/../lib/gcc/nios2-elf/5.3.0/../../../../../H-x86_64-mingw32/nios2-elf/lib\libc.a(lib_a-wctomb_r.o)
 .text.__ascii_wctomb
                0x000000000100a29c       0x30 d:/fpga/nios2eds/bin/gnu/h-x86_64-mingw32/bin/../lib/gcc/nios2-elf/5.3.0/../../../../../H-x86_64-mingw32/nios2-elf/lib\libc.a(lib_a-wctomb_r.o)
                0x000000000100a29c                __ascii_wctomb
 .text._wctomb_r
                0x000000000100a2cc       0x5c d:/fpga/nios2eds/bin/gnu/h-x86_64-mingw32/bin/../lib/gcc/nios2-elf/5.3.0/../../../../../H-x86_64-mingw32/nios2-elf/lib\libc.a(lib_a-wctomb_r.o)
                0x000000000100a2cc                _wctomb_r
 .text          0x000000000100a328      0x578 d:/fpga/nios2eds/bin/gnu/h-x86_64-mingw32/bin/../lib/gcc/nios2-elf/5.3.0\libgcc.a(_udivdi3.o)
                0x000000000100a328                __udivdi3
 .text          0x000000000100a8a0      0x538 d:/fpga/nios2eds/bin/gnu/h-x86_64-mingw32/bin/../lib/gcc/nios2-elf/5.3.0\libgcc.a(_umoddi3.o)
                0x000000000100a8a0                __umoddi3
 .text          0x000000000100add8      0x8ac d:/fpga/nios2eds/bin/gnu/h-x86_64-mingw32/bin/../lib/gcc/nios2-elf/5.3.0\libgcc.a(adddf3.o)
                0x000000000100add8                __adddf3
 .text          0x000000000100b684      0x8e8 d:/fpga/nios2eds/bin/gnu/h-x86_64-mingw32/bin/../lib/gcc/nios2-elf/5.3.0\libgcc.a(divdf3.o)
                0x000000000100b684                __divdf3
 .text          0x000000000100bf6c       0x88 d:/fpga/nios2eds/bin/gnu/h-x86_64-mingw32/bin/../lib/gcc/nios2-elf/5.3.0\libgcc.a(eqdf2.o)
                0x000000000100bf6c                __nedf2
                0x000000000100bf6c                __eqdf2
 .text          0x000000000100bff4       0xdc d:/fpga/nios2eds/bin/gnu/h-x86_64-mingw32/bin/../lib/gcc/nios2-elf/5.3.0\libgcc.a(gedf2.o)
                0x000000000100bff4                __gedf2
                0x000000000100bff4                __gtdf2
 .text          0x000000000100c0d0       0xf4 d:/fpga/nios2eds/bin/gnu/h-x86_64-mingw32/bin/../lib/gcc/nios2-elf/5.3.0\libgcc.a(ledf2.o)
                0x000000000100c0d0                __ledf2
                0x000000000100c0d0                __ltdf2
 .text          0x000000000100c1c4      0x718 d:/fpga/nios2eds/bin/gnu/h-x86_64-mingw32/bin/../lib/gcc/nios2-elf/5.3.0\libgcc.a(muldf3.o)
                0x000000000100c1c4                __muldf3
 .text          0x000000000100c8dc      0x8fc d:/fpga/nios2eds/bin/gnu/h-x86_64-mingw32/bin/../lib/gcc/nios2-elf/5.3.0\libgcc.a(subdf3.o)
                0x000000000100c8dc                __subdf3
 .text          0x000000000100d1d8       0x80 d:/fpga/nios2eds/bin/gnu/h-x86_64-mingw32/bin/../lib/gcc/nios2-elf/5.3.0\libgcc.a(fixdfsi.o)
                0x000000000100d1d8                __fixdfsi
 .text          0x000000000100d258       0xdc d:/fpga/nios2eds/bin/gnu/h-x86_64-mingw32/bin/../lib/gcc/nios2-elf/5.3.0\libgcc.a(floatsidf.o)
                0x000000000100d258                __floatsidf
 .text          0x000000000100d334       0xa8 d:/fpga/nios2eds/bin/gnu/h-x86_64-mingw32/bin/../lib/gcc/nios2-elf/5.3.0\libgcc.a(floatunsidf.o)
                0x000000000100d334                __floatunsidf
 .text          0x000000000100d3dc        0x0 d:/fpga/nios2eds/bin/gnu/h-x86_64-mingw32/bin/../lib/gcc/nios2-elf/5.3.0\libgcc.a(_clz.o)
 .text          0x000000000100d3dc       0x64 d:/fpga/nios2eds/bin/gnu/h-x86_64-mingw32/bin/../lib/gcc/nios2-elf/5.3.0\libgcc.a(_clzsi2.o)
                0x000000000100d3dc                __clzsi2
 .text          0x000000000100d440      0x10c ../DMA_bsp/\libhal_bsp.a(alt_close.o)
                0x000000000100d47c                close
 .text          0x000000000100d54c       0x2c ../DMA_bsp/\libhal_bsp.a(alt_dev.o)
 .text          0x000000000100d578        0x0 ../DMA_bsp/\libhal_bsp.a(alt_errno.o)
 .text          0x000000000100d578       0xec ../DMA_bsp/\libhal_bsp.a(alt_fstat.o)
                0x000000000100d5b4                fstat
 .text          0x000000000100d664      0x180 ../DMA_bsp/\libhal_bsp.a(alt_irq_register.o)
                0x000000000100d664                alt_irq_register
 .text          0x000000000100d7e4        0x0 ../DMA_bsp/\libhal_bsp.a(alt_irq_vars.o)
 .text          0x000000000100d7e4       0xe0 ../DMA_bsp/\libhal_bsp.a(alt_isatty.o)
                0x000000000100d820                isatty
 .text          0x000000000100d8c4       0xec ../DMA_bsp/\libhal_bsp.a(alt_load.o)
                0x000000000100d92c                alt_load
 .text          0x000000000100d9b0      0x110 ../DMA_bsp/\libhal_bsp.a(alt_lseek.o)
                0x000000000100d9ec                lseek
 .text          0x000000000100dac0       0x7c ../DMA_bsp/\libhal_bsp.a(alt_main.o)
                0x000000000100dac0                alt_main
 .text          0x000000000100db3c       0x48 ../DMA_bsp/\libhal_bsp.a(alt_malloc_lock.o)
                0x000000000100db3c                __malloc_lock
                0x000000000100db60                __malloc_unlock
 .text          0x000000000100db84      0x138 ../DMA_bsp/\libhal_bsp.a(alt_read.o)
                0x000000000100dbc0                read
 .text          0x000000000100dcbc       0x64 ../DMA_bsp/\libhal_bsp.a(alt_release_fd.o)
                0x000000000100dcbc                alt_release_fd
 .text          0x000000000100dd20       0xb0 ../DMA_bsp/\libhal_bsp.a(alt_sbrk.o)
                0x000000000100dd20                sbrk
 .text          0x000000000100ddd0      0x134 ../DMA_bsp/\libhal_bsp.a(alt_write.o)
                0x000000000100de0c                write
 .text          0x000000000100df04       0xd0 ../DMA_bsp/\libhal_bsp.a(alt_sys_init.o)
                0x000000000100df38                alt_irq_init
                0x000000000100df70                alt_sys_init
 .text          0x000000000100dfd4      0x164 ../DMA_bsp/\libhal_bsp.a(altera_avalon_jtag_uart_fd.o)
                0x000000000100dfd4                altera_avalon_jtag_uart_read_fd
                0x000000000100e034                altera_avalon_jtag_uart_write_fd
                0x000000000100e094                altera_avalon_jtag_uart_close_fd
                0x000000000100e0e4                altera_avalon_jtag_uart_ioctl_fd
 .text          0x000000000100e138      0x3d4 ../DMA_bsp/\libhal_bsp.a(altera_avalon_jtag_uart_init.o)
                0x000000000100e138                altera_avalon_jtag_uart_init
                0x000000000100e4a4                altera_avalon_jtag_uart_close
 .text          0x000000000100e50c       0xf0 ../DMA_bsp/\libhal_bsp.a(altera_avalon_jtag_uart_ioctl.o)
                0x000000000100e50c                altera_avalon_jtag_uart_ioctl
 .text          0x000000000100e5fc      0x21c ../DMA_bsp/\libhal_bsp.a(altera_avalon_jtag_uart_read.o)
                0x000000000100e5fc                altera_avalon_jtag_uart_read
 .text          0x000000000100e818      0x224 ../DMA_bsp/\libhal_bsp.a(altera_avalon_jtag_uart_write.o)
                0x000000000100e818                altera_avalon_jtag_uart_write
 .text          0x000000000100ea3c       0xf4 ../DMA_bsp/\libhal_bsp.a(altera_avalon_timer_sc.o)
                0x000000000100eab4                alt_avalon_timer_sc_init
 .text          0x000000000100eb30      0x12c ../DMA_bsp/\libhal_bsp.a(alt_alarm_start.o)
                0x000000000100eb30                alt_alarm_start
 .text          0x000000000100ec5c       0x48 ../DMA_bsp/\libhal_bsp.a(alt_dcache_flush_all.o)
                0x000000000100ec5c                alt_dcache_flush_all
 .text          0x000000000100eca4       0xe0 ../DMA_bsp/\libhal_bsp.a(alt_dev_llist_insert.o)
                0x000000000100ece0                alt_dev_llist_insert
 .text          0x000000000100ed84       0x60 ../DMA_bsp/\libhal_bsp.a(alt_do_ctors.o)
                0x000000000100ed84                _do_ctors
 .text          0x000000000100ede4       0x60 ../DMA_bsp/\libhal_bsp.a(alt_do_dtors.o)
                0x000000000100ede4                _do_dtors
 .text          0x000000000100ee44       0x34 ../DMA_bsp/\libhal_bsp.a(alt_icache_flush_all.o)
                0x000000000100ee44                alt_icache_flush_all
 .text          0x000000000100ee78      0x1b0 ../DMA_bsp/\libhal_bsp.a(alt_iic.o)
                0x000000000100ee78                alt_ic_isr_register
                0x000000000100eec8                alt_ic_irq_enable
                0x000000000100ef50                alt_ic_irq_disable
                0x000000000100efdc                alt_ic_irq_enabled
 .text          0x000000000100f028       0xf0 ../DMA_bsp/\libhal_bsp.a(alt_iic_isr_register.o)
                0x000000000100f028                alt_iic_isr_register
 .text          0x000000000100f118      0x140 ../DMA_bsp/\libhal_bsp.a(alt_io_redirect.o)
                0x000000000100f1dc                alt_io_redirect
 .text          0x000000000100f258        0x0 ../DMA_bsp/\libhal_bsp.a(alt_irq_entry.o)
 .text          0x000000000100f258        0x0 ../DMA_bsp/\libhal_bsp.a(alt_irq_handler.o)
 .text          0x000000000100f258      0x254 ../DMA_bsp/\libhal_bsp.a(alt_open.o)
                0x000000000100f358                open
 .text          0x000000000100f4ac      0x1a4 ../DMA_bsp/\libhal_bsp.a(alt_tick.o)
                0x000000000100f4ac                alt_alarm_stop
                0x000000000100f548                alt_tick
 .text          0x000000000100f650       0x24 ../DMA_bsp/\libhal_bsp.a(altera_nios2_gen2_irq.o)
                0x000000000100f650                altera_nios2_gen2_irq_init
 .text          0x000000000100f674        0x0 ../DMA_bsp/\libhal_bsp.a(alt_exception_entry.o)
 .text          0x000000000100f674       0x90 ../DMA_bsp/\libhal_bsp.a(alt_find_dev.o)
                0x000000000100f674                alt_find_dev
 .text          0x000000000100f704      0x108 ../DMA_bsp/\libhal_bsp.a(alt_find_file.o)
                0x000000000100f704                alt_find_file
 .text          0x000000000100f80c       0xa4 ../DMA_bsp/\libhal_bsp.a(alt_get_fd.o)
                0x000000000100f80c                alt_get_fd
 .text          0x000000000100f8b0       0x90 ../DMA_bsp/\libhal_bsp.a(alt_icache_flush.o)
                0x000000000100f8b0                alt_icache_flush
 .text          0x000000000100f940       0x9c ../DMA_bsp/\libhal_bsp.a(alt_instruction_exception_entry.o)
                0x000000000100f940                alt_exception_cause_generated_bad_addr
 .text          0x000000000100f9dc        0x0 d:/fpga/nios2eds/bin/gnu/h-x86_64-mingw32/bin/../lib/gcc/nios2-elf/5.3.0/../../../../../H-x86_64-mingw32/nios2-elf/lib\libc.a(lib_a-atexit.o)
 .text.atexit   0x000000000100f9dc       0x14 d:/fpga/nios2eds/bin/gnu/h-x86_64-mingw32/bin/../lib/gcc/nios2-elf/5.3.0/../../../../../H-x86_64-mingw32/nios2-elf/lib\libc.a(lib_a-atexit.o)
                0x000000000100f9dc                atexit
 .text          0x000000000100f9f0        0x0 d:/fpga/nios2eds/bin/gnu/h-x86_64-mingw32/bin/../lib/gcc/nios2-elf/5.3.0/../../../../../H-x86_64-mingw32/nios2-elf/lib\libc.a(lib_a-exit.o)
 .text.exit     0x000000000100f9f0       0x38 d:/fpga/nios2eds/bin/gnu/h-x86_64-mingw32/bin/../lib/gcc/nios2-elf/5.3.0/../../../../../H-x86_64-mingw32/nios2-elf/lib\libc.a(lib_a-exit.o)
                0x000000000100f9f0                exit
 .text          0x000000000100fa28        0x0 d:/fpga/nios2eds/bin/gnu/h-x86_64-mingw32/bin/../lib/gcc/nios2-elf/5.3.0/../../../../../H-x86_64-mingw32/nios2-elf/lib\libc.a(lib_a-memcmp.o)
 .text.memcmp   0x000000000100fa28       0x7c d:/fpga/nios2eds/bin/gnu/h-x86_64-mingw32/bin/../lib/gcc/nios2-elf/5.3.0/../../../../../H-x86_64-mingw32/nios2-elf/lib\libc.a(lib_a-memcmp.o)
                0x000000000100fa28                memcmp
 .text          0x000000000100faa4        0x0 d:/fpga/nios2eds/bin/gnu/h-x86_64-mingw32/bin/../lib/gcc/nios2-elf/5.3.0/../../../../../H-x86_64-mingw32/nios2-elf/lib\libc.a(lib_a-__atexit.o)
 .text.__register_exitproc
                0x000000000100faa4      0x118 d:/fpga/nios2eds/bin/gnu/h-x86_64-mingw32/bin/../lib/gcc/nios2-elf/5.3.0/../../../../../H-x86_64-mingw32/nios2-elf/lib\libc.a(lib_a-__atexit.o)
                0x000000000100faa4                __register_exitproc
 .text          0x000000000100fbbc        0x0 d:/fpga/nios2eds/bin/gnu/h-x86_64-mingw32/bin/../lib/gcc/nios2-elf/5.3.0/../../../../../H-x86_64-mingw32/nios2-elf/lib\libc.a(lib_a-__call_atexit.o)
 .text.__call_exitprocs
                0x000000000100fbbc      0x180 d:/fpga/nios2eds/bin/gnu/h-x86_64-mingw32/bin/../lib/gcc/nios2-elf/5.3.0/../../../../../H-x86_64-mingw32/nios2-elf/lib\libc.a(lib_a-__call_atexit.o)
                0x000000000100fbbc                __call_exitprocs
 .text          0x000000000100fd3c       0x34 ../DMA_bsp/\libhal_bsp.a(alt_exit.o)
                0x000000000100fd3c                _exit
 *(.gnu.warning.*)
 *(.fini)
                [!provide]                        PROVIDE (__etext, ABSOLUTE (.))
                [!provide]                        PROVIDE (_etext, ABSOLUTE (.))
                [!provide]                        PROVIDE (etext, ABSOLUTE (.))
 *(.eh_frame_hdr)
                0x000000000100fd70                . = ALIGN (0x4)
                [!provide]                        PROVIDE (__preinit_array_start, ABSOLUTE (.))
 *(.preinit_array)
                [!provide]                        PROVIDE (__preinit_array_end, ABSOLUTE (.))
                [!provide]                        PROVIDE (__init_array_start, ABSOLUTE (.))
 *(.init_array)
                [!provide]                        PROVIDE (__init_array_end, ABSOLUTE (.))
                [!provide]                        PROVIDE (__fini_array_start, ABSOLUTE (.))
 *(.fini_array)
                [!provide]                        PROVIDE (__fini_array_end, ABSOLUTE (.))
 *(.eh_frame)
 *(.gcc_except_table .gcc_except_table.*)
 *(.dynamic)
                0x000000000100fd70                PROVIDE (__CTOR_LIST__, ABSOLUTE (.))
 *(.ctors)
 *(SORT(.ctors.*))
                0x000000000100fd70                PROVIDE (__CTOR_END__, ABSOLUTE (.))
                0x000000000100fd70                PROVIDE (__DTOR_LIST__, ABSOLUTE (.))
 *(.dtors)
 *(SORT(.dtors.*))
                0x000000000100fd70                PROVIDE (__DTOR_END__, ABSOLUTE (.))
 *(.jcr)
                0x000000000100fd70                . = ALIGN (0x4)

.rodata         0x000000000100fd70   0x2c8b78
                0x000000000100fd70                PROVIDE (__ram_rodata_start, ABSOLUTE (.))
                0x000000000100fd70                . = ALIGN (0x4)
 *(.rodata .rodata.* .gnu.linkonce.r.*)
 .rodata        0x000000000100fd70   0x2c887d obj/default/counter.o
 *fill*         0x00000000012d85ed        0x3 
 .rodata.str1.4
                0x00000000012d85f0        0x2 d:/fpga/nios2eds/bin/gnu/h-x86_64-mingw32/bin/../lib/gcc/nios2-elf/5.3.0/../../../../../H-x86_64-mingw32/nios2-elf/lib\libc.a(lib_a-puts.o)
 *fill*         0x00000000012d85f2        0x2 
 .rodata.str1.4
                0x00000000012d85f4       0x42 d:/fpga/nios2eds/bin/gnu/h-x86_64-mingw32/bin/../lib/gcc/nios2-elf/5.3.0/../../../../../H-x86_64-mingw32/nios2-elf/lib\libc.a(lib_a-vfprintf.o)
 .rodata.zeroes.4404
                0x00000000012d8636       0x10 d:/fpga/nios2eds/bin/gnu/h-x86_64-mingw32/bin/../lib/gcc/nios2-elf/5.3.0/../../../../../H-x86_64-mingw32/nios2-elf/lib\libc.a(lib_a-vfprintf.o)
 .rodata.blanks.4403
                0x00000000012d8646       0x10 d:/fpga/nios2eds/bin/gnu/h-x86_64-mingw32/bin/../lib/gcc/nios2-elf/5.3.0/../../../../../H-x86_64-mingw32/nios2-elf/lib\libc.a(lib_a-vfprintf.o)
 *fill*         0x00000000012d8656        0x2 
 .rodata.str1.4
                0x00000000012d8658       0x10 d:/fpga/nios2eds/bin/gnu/h-x86_64-mingw32/bin/../lib/gcc/nios2-elf/5.3.0/../../../../../H-x86_64-mingw32/nios2-elf/lib\libc.a(lib_a-dtoa.o)
                                         0x12 (size before relaxing)
 .rodata.str1.4
                0x00000000012d8668        0x2 d:/fpga/nios2eds/bin/gnu/h-x86_64-mingw32/bin/../lib/gcc/nios2-elf/5.3.0/../../../../../H-x86_64-mingw32/nios2-elf/lib\libc.a(lib_a-impure.o)
 *fill*         0x00000000012d866a        0x2 
 .rodata.str1.4
                0x00000000012d866c        0xc d:/fpga/nios2eds/bin/gnu/h-x86_64-mingw32/bin/../lib/gcc/nios2-elf/5.3.0/../../../../../H-x86_64-mingw32/nios2-elf/lib\libc.a(lib_a-locale.o)
                                         0x12 (size before relaxing)
 .rodata.p05.2768
                0x00000000012d8678        0xc d:/fpga/nios2eds/bin/gnu/h-x86_64-mingw32/bin/../lib/gcc/nios2-elf/5.3.0/../../../../../H-x86_64-mingw32/nios2-elf/lib\libc.a(lib_a-mprec.o)
 .rodata.__mprec_tinytens
                0x00000000012d8684       0x28 d:/fpga/nios2eds/bin/gnu/h-x86_64-mingw32/bin/../lib/gcc/nios2-elf/5.3.0/../../../../../H-x86_64-mingw32/nios2-elf/lib\libc.a(lib_a-mprec.o)
                0x00000000012d8684                __mprec_tinytens
 .rodata.__mprec_bigtens
                0x00000000012d86ac       0x28 d:/fpga/nios2eds/bin/gnu/h-x86_64-mingw32/bin/../lib/gcc/nios2-elf/5.3.0/../../../../../H-x86_64-mingw32/nios2-elf/lib\libc.a(lib_a-mprec.o)
                0x00000000012d86ac                __mprec_bigtens
 .rodata.__mprec_tens
                0x00000000012d86d4       0xc8 d:/fpga/nios2eds/bin/gnu/h-x86_64-mingw32/bin/../lib/gcc/nios2-elf/5.3.0/../../../../../H-x86_64-mingw32/nios2-elf/lib\libc.a(lib_a-mprec.o)
                0x00000000012d86d4                __mprec_tens
 .rodata.str1.4
                0x00000000012d879c       0x2f d:/fpga/nios2eds/bin/gnu/h-x86_64-mingw32/bin/../lib/gcc/nios2-elf/5.3.0/../../../../../H-x86_64-mingw32/nios2-elf/lib\libc.a(lib_a-vfiprintf.o)
 .rodata.zeroes.4349
                0x00000000012d879c       0x10 d:/fpga/nios2eds/bin/gnu/h-x86_64-mingw32/bin/../lib/gcc/nios2-elf/5.3.0/../../../../../H-x86_64-mingw32/nios2-elf/lib\libc.a(lib_a-vfiprintf.o)
 .rodata.blanks.4348
                0x00000000012d87ac       0x10 d:/fpga/nios2eds/bin/gnu/h-x86_64-mingw32/bin/../lib/gcc/nios2-elf/5.3.0/../../../../../H-x86_64-mingw32/nios2-elf/lib\libc.a(lib_a-vfiprintf.o)
 .rodata        0x00000000012d87bc      0x100 d:/fpga/nios2eds/bin/gnu/h-x86_64-mingw32/bin/../lib/gcc/nios2-elf/5.3.0\libgcc.a(_clz.o)
                0x00000000012d87bc                __clz_tab
 .rodata        0x00000000012d88bc        0xa ../DMA_bsp/\libhal_bsp.a(alt_dev.o)
 *fill*         0x00000000012d88c6        0x2 
 .rodata        0x00000000012d88c8        0xf ../DMA_bsp/\libhal_bsp.a(alt_main.o)
 *fill*         0x00000000012d88d7        0x1 
 .rodata        0x00000000012d88d8        0xf ../DMA_bsp/\libhal_bsp.a(alt_sys_init.o)
 *(.rodata1)
                0x00000000012d88e8                . = ALIGN (0x4)
 *fill*         0x00000000012d88e7        0x1 
                0x00000000012d88e8                PROVIDE (__ram_rodata_end, ABSOLUTE (.))
                0x000000000100fd70                PROVIDE (__flash_rodata_start, LOADADDR (.rodata))

.rwdata         0x00000000012d88e8     0x1af4 load address 0x00000000012da3dc
                0x00000000012d88e8                PROVIDE (__ram_rwdata_start, ABSOLUTE (.))
                0x00000000012d88e8                . = ALIGN (0x4)
 *(.got.plt)
 *(.got)
 *(.data1)
 *(.data .data.* .gnu.linkonce.d.*)
 .data          0x00000000012d88e8        0x0 ../DMA_bsp//obj/HAL/src/crt0.o
 .data          0x00000000012d88e8        0x0 obj/default/counter.o
 .data          0x00000000012d88e8        0x0 d:/fpga/nios2eds/bin/gnu/h-x86_64-mingw32/bin/../lib/gcc/nios2-elf/5.3.0\libgcc.a(lib2-divmod.o)
 .data          0x00000000012d88e8        0x0 d:/fpga/nios2eds/bin/gnu/h-x86_64-mingw32/bin/../lib/gcc/nios2-elf/5.3.0/../../../../../H-x86_64-mingw32/nios2-elf/lib\libc.a(lib_a-printf.o)
 .data          0x00000000012d88e8        0x0 d:/fpga/nios2eds/bin/gnu/h-x86_64-mingw32/bin/../lib/gcc/nios2-elf/5.3.0/../../../../../H-x86_64-mingw32/nios2-elf/lib\libc.a(lib_a-puts.o)
 .data          0x00000000012d88e8        0x0 d:/fpga/nios2eds/bin/gnu/h-x86_64-mingw32/bin/../lib/gcc/nios2-elf/5.3.0/../../../../../H-x86_64-mingw32/nios2-elf/lib\libc.a(lib_a-strlen.o)
 .data          0x00000000012d88e8        0x0 d:/fpga/nios2eds/bin/gnu/h-x86_64-mingw32/bin/../lib/gcc/nios2-elf/5.3.0/../../../../../H-x86_64-mingw32/nios2-elf/lib\libc.a(lib_a-vfprintf.o)
 .data          0x00000000012d88e8        0x0 d:/fpga/nios2eds/bin/gnu/h-x86_64-mingw32/bin/../lib/gcc/nios2-elf/5.3.0/../../../../../H-x86_64-mingw32/nios2-elf/lib\libc.a(lib_a-wsetup.o)
 .data          0x00000000012d88e8        0x0 d:/fpga/nios2eds/bin/gnu/h-x86_64-mingw32/bin/../lib/gcc/nios2-elf/5.3.0/../../../../../H-x86_64-mingw32/nios2-elf/lib\libc.a(lib_a-dtoa.o)
 .data          0x00000000012d88e8        0x0 d:/fpga/nios2eds/bin/gnu/h-x86_64-mingw32/bin/../lib/gcc/nios2-elf/5.3.0/../../../../../H-x86_64-mingw32/nios2-elf/lib\libc.a(lib_a-fflush.o)
 .data          0x00000000012d88e8        0x0 d:/fpga/nios2eds/bin/gnu/h-x86_64-mingw32/bin/../lib/gcc/nios2-elf/5.3.0/../../../../../H-x86_64-mingw32/nios2-elf/lib\libc.a(lib_a-findfp.o)
 .data          0x00000000012d88e8        0x0 d:/fpga/nios2eds/bin/gnu/h-x86_64-mingw32/bin/../lib/gcc/nios2-elf/5.3.0/../../../../../H-x86_64-mingw32/nios2-elf/lib\libc.a(lib_a-freer.o)
 .data          0x00000000012d88e8        0x0 d:/fpga/nios2eds/bin/gnu/h-x86_64-mingw32/bin/../lib/gcc/nios2-elf/5.3.0/../../../../../H-x86_64-mingw32/nios2-elf/lib\libc.a(lib_a-fvwrite.o)
 .data          0x00000000012d88e8        0x0 d:/fpga/nios2eds/bin/gnu/h-x86_64-mingw32/bin/../lib/gcc/nios2-elf/5.3.0/../../../../../H-x86_64-mingw32/nios2-elf/lib\libc.a(lib_a-fwalk.o)
 .data          0x00000000012d88e8        0x0 d:/fpga/nios2eds/bin/gnu/h-x86_64-mingw32/bin/../lib/gcc/nios2-elf/5.3.0/../../../../../H-x86_64-mingw32/nios2-elf/lib\libc.a(lib_a-impure.o)
 .data.impure_data
                0x00000000012d88e8      0x424 d:/fpga/nios2eds/bin/gnu/h-x86_64-mingw32/bin/../lib/gcc/nios2-elf/5.3.0/../../../../../H-x86_64-mingw32/nios2-elf/lib\libc.a(lib_a-impure.o)
 .data          0x00000000012d8d0c        0x0 d:/fpga/nios2eds/bin/gnu/h-x86_64-mingw32/bin/../lib/gcc/nios2-elf/5.3.0/../../../../../H-x86_64-mingw32/nios2-elf/lib\libc.a(lib_a-locale.o)
 .data.lc_message_charset
                0x00000000012d8d0c       0x20 d:/fpga/nios2eds/bin/gnu/h-x86_64-mingw32/bin/../lib/gcc/nios2-elf/5.3.0/../../../../../H-x86_64-mingw32/nios2-elf/lib\libc.a(lib_a-locale.o)
 .data.lc_ctype_charset
                0x00000000012d8d2c       0x20 d:/fpga/nios2eds/bin/gnu/h-x86_64-mingw32/bin/../lib/gcc/nios2-elf/5.3.0/../../../../../H-x86_64-mingw32/nios2-elf/lib\libc.a(lib_a-locale.o)
 .data.lconv    0x00000000012d8d4c       0x38 d:/fpga/nios2eds/bin/gnu/h-x86_64-mingw32/bin/../lib/gcc/nios2-elf/5.3.0/../../../../../H-x86_64-mingw32/nios2-elf/lib\libc.a(lib_a-locale.o)
 .data          0x00000000012d8d84        0x0 d:/fpga/nios2eds/bin/gnu/h-x86_64-mingw32/bin/../lib/gcc/nios2-elf/5.3.0/../../../../../H-x86_64-mingw32/nios2-elf/lib\libc.a(lib_a-makebuf.o)
 .data          0x00000000012d8d84        0x0 d:/fpga/nios2eds/bin/gnu/h-x86_64-mingw32/bin/../lib/gcc/nios2-elf/5.3.0/../../../../../H-x86_64-mingw32/nios2-elf/lib\libc.a(lib_a-mallocr.o)
 .data.__malloc_av_
                0x00000000012d8d84      0x408 d:/fpga/nios2eds/bin/gnu/h-x86_64-mingw32/bin/../lib/gcc/nios2-elf/5.3.0/../../../../../H-x86_64-mingw32/nios2-elf/lib\libc.a(lib_a-mallocr.o)
                0x00000000012d8d84                __malloc_av_
 .data          0x00000000012d918c        0x0 d:/fpga/nios2eds/bin/gnu/h-x86_64-mingw32/bin/../lib/gcc/nios2-elf/5.3.0/../../../../../H-x86_64-mingw32/nios2-elf/lib\libc.a(lib_a-memchr.o)
 .data          0x00000000012d918c        0x0 d:/fpga/nios2eds/bin/gnu/h-x86_64-mingw32/bin/../lib/gcc/nios2-elf/5.3.0/../../../../../H-x86_64-mingw32/nios2-elf/lib\libc.a(lib_a-memcpy.o)
 .data          0x00000000012d918c        0x0 d:/fpga/nios2eds/bin/gnu/h-x86_64-mingw32/bin/../lib/gcc/nios2-elf/5.3.0/../../../../../H-x86_64-mingw32/nios2-elf/lib\libc.a(lib_a-memmove.o)
 .data          0x00000000012d918c        0x0 d:/fpga/nios2eds/bin/gnu/h-x86_64-mingw32/bin/../lib/gcc/nios2-elf/5.3.0/../../../../../H-x86_64-mingw32/nios2-elf/lib\libc.a(lib_a-memset.o)
 .data          0x00000000012d918c        0x0 d:/fpga/nios2eds/bin/gnu/h-x86_64-mingw32/bin/../lib/gcc/nios2-elf/5.3.0/../../../../../H-x86_64-mingw32/nios2-elf/lib\libc.a(lib_a-mprec.o)
 .data          0x00000000012d918c        0x0 d:/fpga/nios2eds/bin/gnu/h-x86_64-mingw32/bin/../lib/gcc/nios2-elf/5.3.0/../../../../../H-x86_64-mingw32/nios2-elf/lib\libc.a(lib_a-reallocr.o)
 .data          0x00000000012d918c        0x0 d:/fpga/nios2eds/bin/gnu/h-x86_64-mingw32/bin/../lib/gcc/nios2-elf/5.3.0/../../../../../H-x86_64-mingw32/nios2-elf/lib\libc.a(lib_a-s_fpclassify.o)
 .data          0x00000000012d918c        0x0 d:/fpga/nios2eds/bin/gnu/h-x86_64-mingw32/bin/../lib/gcc/nios2-elf/5.3.0/../../../../../H-x86_64-mingw32/nios2-elf/lib\libc.a(lib_a-sbrkr.o)
 .data          0x00000000012d918c        0x0 d:/fpga/nios2eds/bin/gnu/h-x86_64-mingw32/bin/../lib/gcc/nios2-elf/5.3.0/../../../../../H-x86_64-mingw32/nios2-elf/lib\libc.a(lib_a-stdio.o)
 .data          0x00000000012d918c        0x0 d:/fpga/nios2eds/bin/gnu/h-x86_64-mingw32/bin/../lib/gcc/nios2-elf/5.3.0/../../../../../H-x86_64-mingw32/nios2-elf/lib\libc.a(lib_a-strcmp.o)
 .data          0x00000000012d918c        0x0 d:/fpga/nios2eds/bin/gnu/h-x86_64-mingw32/bin/../lib/gcc/nios2-elf/5.3.0/../../../../../H-x86_64-mingw32/nios2-elf/lib\libc.a(lib_a-vfiprintf.o)
 .data          0x00000000012d918c        0x0 d:/fpga/nios2eds/bin/gnu/h-x86_64-mingw32/bin/../lib/gcc/nios2-elf/5.3.0/../../../../../H-x86_64-mingw32/nios2-elf/lib\libc.a(lib_a-writer.o)
 .data          0x00000000012d918c        0x0 d:/fpga/nios2eds/bin/gnu/h-x86_64-mingw32/bin/../lib/gcc/nios2-elf/5.3.0/../../../../../H-x86_64-mingw32/nios2-elf/lib\libc.a(closer.o)
 .data          0x00000000012d918c        0x0 d:/fpga/nios2eds/bin/gnu/h-x86_64-mingw32/bin/../lib/gcc/nios2-elf/5.3.0/../../../../../H-x86_64-mingw32/nios2-elf/lib\libc.a(lib_a-callocr.o)
 .data          0x00000000012d918c        0x0 d:/fpga/nios2eds/bin/gnu/h-x86_64-mingw32/bin/../lib/gcc/nios2-elf/5.3.0/../../../../../H-x86_64-mingw32/nios2-elf/lib\libc.a(lib_a-fclose.o)
 .data          0x00000000012d918c        0x0 d:/fpga/nios2eds/bin/gnu/h-x86_64-mingw32/bin/../lib/gcc/nios2-elf/5.3.0/../../../../../H-x86_64-mingw32/nios2-elf/lib\libc.a(lib_a-fputwc.o)
 .data          0x00000000012d918c        0x0 d:/fpga/nios2eds/bin/gnu/h-x86_64-mingw32/bin/../lib/gcc/nios2-elf/5.3.0/../../../../../H-x86_64-mingw32/nios2-elf/lib\libc.a(lib_a-fstatr.o)
 .data          0x00000000012d918c        0x0 d:/fpga/nios2eds/bin/gnu/h-x86_64-mingw32/bin/../lib/gcc/nios2-elf/5.3.0/../../../../../H-x86_64-mingw32/nios2-elf/lib\libc.a(lib_a-int_errno.o)
 .data          0x00000000012d918c        0x0 d:/fpga/nios2eds/bin/gnu/h-x86_64-mingw32/bin/../lib/gcc/nios2-elf/5.3.0/../../../../../H-x86_64-mingw32/nios2-elf/lib\libc.a(lib_a-isattyr.o)
 .data          0x00000000012d918c        0x0 d:/fpga/nios2eds/bin/gnu/h-x86_64-mingw32/bin/../lib/gcc/nios2-elf/5.3.0/../../../../../H-x86_64-mingw32/nios2-elf/lib\libc.a(lib_a-lseekr.o)
 .data          0x00000000012d918c        0x0 d:/fpga/nios2eds/bin/gnu/h-x86_64-mingw32/bin/../lib/gcc/nios2-elf/5.3.0/../../../../../H-x86_64-mingw32/nios2-elf/lib\libc.a(lib_a-readr.o)
 .data          0x00000000012d918c        0x0 d:/fpga/nios2eds/bin/gnu/h-x86_64-mingw32/bin/../lib/gcc/nios2-elf/5.3.0/../../../../../H-x86_64-mingw32/nios2-elf/lib\libc.a(lib_a-wbuf.o)
 .data          0x00000000012d918c        0x0 d:/fpga/nios2eds/bin/gnu/h-x86_64-mingw32/bin/../lib/gcc/nios2-elf/5.3.0/../../../../../H-x86_64-mingw32/nios2-elf/lib\libc.a(lib_a-wcrtomb.o)
 .data          0x00000000012d918c        0x0 d:/fpga/nios2eds/bin/gnu/h-x86_64-mingw32/bin/../lib/gcc/nios2-elf/5.3.0/../../../../../H-x86_64-mingw32/nios2-elf/lib\libc.a(lib_a-wctomb_r.o)
 .data          0x00000000012d918c        0x0 d:/fpga/nios2eds/bin/gnu/h-x86_64-mingw32/bin/../lib/gcc/nios2-elf/5.3.0\libgcc.a(_udivdi3.o)
 .data          0x00000000012d918c        0x0 d:/fpga/nios2eds/bin/gnu/h-x86_64-mingw32/bin/../lib/gcc/nios2-elf/5.3.0\libgcc.a(_umoddi3.o)
 .data          0x00000000012d918c        0x0 d:/fpga/nios2eds/bin/gnu/h-x86_64-mingw32/bin/../lib/gcc/nios2-elf/5.3.0\libgcc.a(adddf3.o)
 .data          0x00000000012d918c        0x0 d:/fpga/nios2eds/bin/gnu/h-x86_64-mingw32/bin/../lib/gcc/nios2-elf/5.3.0\libgcc.a(divdf3.o)
 .data          0x00000000012d918c        0x0 d:/fpga/nios2eds/bin/gnu/h-x86_64-mingw32/bin/../lib/gcc/nios2-elf/5.3.0\libgcc.a(eqdf2.o)
 .data          0x00000000012d918c        0x0 d:/fpga/nios2eds/bin/gnu/h-x86_64-mingw32/bin/../lib/gcc/nios2-elf/5.3.0\libgcc.a(gedf2.o)
 .data          0x00000000012d918c        0x0 d:/fpga/nios2eds/bin/gnu/h-x86_64-mingw32/bin/../lib/gcc/nios2-elf/5.3.0\libgcc.a(ledf2.o)
 .data          0x00000000012d918c        0x0 d:/fpga/nios2eds/bin/gnu/h-x86_64-mingw32/bin/../lib/gcc/nios2-elf/5.3.0\libgcc.a(muldf3.o)
 .data          0x00000000012d918c        0x0 d:/fpga/nios2eds/bin/gnu/h-x86_64-mingw32/bin/../lib/gcc/nios2-elf/5.3.0\libgcc.a(subdf3.o)
 .data          0x00000000012d918c        0x0 d:/fpga/nios2eds/bin/gnu/h-x86_64-mingw32/bin/../lib/gcc/nios2-elf/5.3.0\libgcc.a(fixdfsi.o)
 .data          0x00000000012d918c        0x0 d:/fpga/nios2eds/bin/gnu/h-x86_64-mingw32/bin/../lib/gcc/nios2-elf/5.3.0\libgcc.a(floatsidf.o)
 .data          0x00000000012d918c        0x0 d:/fpga/nios2eds/bin/gnu/h-x86_64-mingw32/bin/../lib/gcc/nios2-elf/5.3.0\libgcc.a(floatunsidf.o)
 .data          0x00000000012d918c        0x0 d:/fpga/nios2eds/bin/gnu/h-x86_64-mingw32/bin/../lib/gcc/nios2-elf/5.3.0\libgcc.a(_clz.o)
 .data          0x00000000012d918c        0x0 d:/fpga/nios2eds/bin/gnu/h-x86_64-mingw32/bin/../lib/gcc/nios2-elf/5.3.0\libgcc.a(_clzsi2.o)
 .data          0x00000000012d918c        0x0 ../DMA_bsp/\libhal_bsp.a(alt_close.o)
 .data          0x00000000012d918c      0x1a8 ../DMA_bsp/\libhal_bsp.a(alt_dev.o)
                0x00000000012d918c                alt_dev_null
                0x00000000012d91b4                alt_fd_list
 .data          0x00000000012d9334        0x0 ../DMA_bsp/\libhal_bsp.a(alt_errno.o)
 .data          0x00000000012d9334        0x0 ../DMA_bsp/\libhal_bsp.a(alt_fstat.o)
 .data          0x00000000012d9334        0x0 ../DMA_bsp/\libhal_bsp.a(alt_irq_register.o)
 .data          0x00000000012d9334        0x0 ../DMA_bsp/\libhal_bsp.a(alt_irq_vars.o)
 .data          0x00000000012d9334        0x0 ../DMA_bsp/\libhal_bsp.a(alt_isatty.o)
 .data          0x00000000012d9334        0x0 ../DMA_bsp/\libhal_bsp.a(alt_load.o)
 .data          0x00000000012d9334        0x0 ../DMA_bsp/\libhal_bsp.a(alt_lseek.o)
 .data          0x00000000012d9334        0x0 ../DMA_bsp/\libhal_bsp.a(alt_main.o)
 .data          0x00000000012d9334        0x0 ../DMA_bsp/\libhal_bsp.a(alt_malloc_lock.o)
 .data          0x00000000012d9334        0x0 ../DMA_bsp/\libhal_bsp.a(alt_read.o)
 .data          0x00000000012d9334        0x0 ../DMA_bsp/\libhal_bsp.a(alt_release_fd.o)
 .data          0x00000000012d9334        0x0 ../DMA_bsp/\libhal_bsp.a(alt_sbrk.o)
 .data          0x00000000012d9334        0x0 ../DMA_bsp/\libhal_bsp.a(alt_write.o)
 .data          0x00000000012d9334     0x1060 ../DMA_bsp/\libhal_bsp.a(alt_sys_init.o)
 .data          0x00000000012da394        0x0 ../DMA_bsp/\libhal_bsp.a(altera_avalon_jtag_uart_fd.o)
 .data          0x00000000012da394        0x0 ../DMA_bsp/\libhal_bsp.a(altera_avalon_jtag_uart_init.o)
 .data          0x00000000012da394        0x0 ../DMA_bsp/\libhal_bsp.a(altera_avalon_jtag_uart_ioctl.o)
 .data          0x00000000012da394        0x0 ../DMA_bsp/\libhal_bsp.a(altera_avalon_jtag_uart_read.o)
 .data          0x00000000012da394        0x0 ../DMA_bsp/\libhal_bsp.a(altera_avalon_jtag_uart_write.o)
 .data          0x00000000012da394        0x0 ../DMA_bsp/\libhal_bsp.a(altera_avalon_timer_sc.o)
 .data          0x00000000012da394        0x0 ../DMA_bsp/\libhal_bsp.a(alt_alarm_start.o)
 .data          0x00000000012da394        0x0 ../DMA_bsp/\libhal_bsp.a(alt_dcache_flush_all.o)
 .data          0x00000000012da394        0x0 ../DMA_bsp/\libhal_bsp.a(alt_dev_llist_insert.o)
 .data          0x00000000012da394        0x0 ../DMA_bsp/\libhal_bsp.a(alt_do_ctors.o)
 .data          0x00000000012da394        0x0 ../DMA_bsp/\libhal_bsp.a(alt_do_dtors.o)
 .data          0x00000000012da394        0x0 ../DMA_bsp/\libhal_bsp.a(alt_icache_flush_all.o)
 .data          0x00000000012da394        0x0 ../DMA_bsp/\libhal_bsp.a(alt_iic.o)
 .data          0x00000000012da394        0x0 ../DMA_bsp/\libhal_bsp.a(alt_iic_isr_register.o)
 .data          0x00000000012da394        0x0 ../DMA_bsp/\libhal_bsp.a(alt_io_redirect.o)
 .data          0x00000000012da394        0x0 ../DMA_bsp/\libhal_bsp.a(alt_irq_entry.o)
 .data          0x00000000012da394        0x0 ../DMA_bsp/\libhal_bsp.a(alt_irq_handler.o)
 .data          0x00000000012da394        0x0 ../DMA_bsp/\libhal_bsp.a(alt_open.o)
 .data          0x00000000012da394        0x0 ../DMA_bsp/\libhal_bsp.a(alt_tick.o)
 .data          0x00000000012da394        0x0 ../DMA_bsp/\libhal_bsp.a(altera_nios2_gen2_irq.o)
 .data          0x00000000012da394        0x0 ../DMA_bsp/\libhal_bsp.a(alt_exception_entry.o)
 .data          0x00000000012da394        0x0 ../DMA_bsp/\libhal_bsp.a(alt_find_dev.o)
 .data          0x00000000012da394        0x0 ../DMA_bsp/\libhal_bsp.a(alt_find_file.o)
 .data          0x00000000012da394        0x0 ../DMA_bsp/\libhal_bsp.a(alt_get_fd.o)
 .data          0x00000000012da394        0x0 ../DMA_bsp/\libhal_bsp.a(alt_icache_flush.o)
 .data          0x00000000012da394        0x0 ../DMA_bsp/\libhal_bsp.a(alt_instruction_exception_entry.o)
 .data          0x00000000012da394        0x0 d:/fpga/nios2eds/bin/gnu/h-x86_64-mingw32/bin/../lib/gcc/nios2-elf/5.3.0/../../../../../H-x86_64-mingw32/nios2-elf/lib\libc.a(lib_a-atexit.o)
 .data          0x00000000012da394        0x0 d:/fpga/nios2eds/bin/gnu/h-x86_64-mingw32/bin/../lib/gcc/nios2-elf/5.3.0/../../../../../H-x86_64-mingw32/nios2-elf/lib\libc.a(lib_a-exit.o)
 .data          0x00000000012da394        0x0 d:/fpga/nios2eds/bin/gnu/h-x86_64-mingw32/bin/../lib/gcc/nios2-elf/5.3.0/../../../../../H-x86_64-mingw32/nios2-elf/lib\libc.a(lib_a-memcmp.o)
 .data          0x00000000012da394        0x0 d:/fpga/nios2eds/bin/gnu/h-x86_64-mingw32/bin/../lib/gcc/nios2-elf/5.3.0/../../../../../H-x86_64-mingw32/nios2-elf/lib\libc.a(lib_a-__atexit.o)
 .data          0x00000000012da394        0x0 d:/fpga/nios2eds/bin/gnu/h-x86_64-mingw32/bin/../lib/gcc/nios2-elf/5.3.0/../../../../../H-x86_64-mingw32/nios2-elf/lib\libc.a(lib_a-__call_atexit.o)
 .data          0x00000000012da394        0x0 ../DMA_bsp/\libhal_bsp.a(alt_exit.o)
                0x00000000012e2394                _gp = ABSOLUTE ((. + 0x8000))
                [!provide]                        PROVIDE (gp, _gp)
 *(.rwdata .rwdata.*)
 *(.sdata .sdata.* .gnu.linkonce.s.*)
 .sdata         0x00000000012da394        0x8 obj/default/counter.o
                0x00000000012da394                counter_lim
                0x00000000012da398                dma
 .sdata._global_impure_ptr
                0x00000000012da39c        0x4 d:/fpga/nios2eds/bin/gnu/h-x86_64-mingw32/bin/../lib/gcc/nios2-elf/5.3.0/../../../../../H-x86_64-mingw32/nios2-elf/lib\libc.a(lib_a-impure.o)
                0x00000000012da39c                _global_impure_ptr
 .sdata._impure_ptr
                0x00000000012da3a0        0x4 d:/fpga/nios2eds/bin/gnu/h-x86_64-mingw32/bin/../lib/gcc/nios2-elf/5.3.0/../../../../../H-x86_64-mingw32/nios2-elf/lib\libc.a(lib_a-impure.o)
                0x00000000012da3a0                _impure_ptr
 .sdata.__mb_cur_max
                0x00000000012da3a4        0x4 d:/fpga/nios2eds/bin/gnu/h-x86_64-mingw32/bin/../lib/gcc/nios2-elf/5.3.0/../../../../../H-x86_64-mingw32/nios2-elf/lib\libc.a(lib_a-locale.o)
                0x00000000012da3a4                __mb_cur_max
 .sdata.__malloc_sbrk_base
                0x00000000012da3a8        0x4 d:/fpga/nios2eds/bin/gnu/h-x86_64-mingw32/bin/../lib/gcc/nios2-elf/5.3.0/../../../../../H-x86_64-mingw32/nios2-elf/lib\libc.a(lib_a-mallocr.o)
                0x00000000012da3a8                __malloc_sbrk_base
 .sdata.__malloc_trim_threshold
                0x00000000012da3ac        0x4 d:/fpga/nios2eds/bin/gnu/h-x86_64-mingw32/bin/../lib/gcc/nios2-elf/5.3.0/../../../../../H-x86_64-mingw32/nios2-elf/lib\libc.a(lib_a-mallocr.o)
                0x00000000012da3ac                __malloc_trim_threshold
 .sdata.__wctomb
                0x00000000012da3b0        0x4 d:/fpga/nios2eds/bin/gnu/h-x86_64-mingw32/bin/../lib/gcc/nios2-elf/5.3.0/../../../../../H-x86_64-mingw32/nios2-elf/lib\libc.a(lib_a-wctomb_r.o)
                0x00000000012da3b0                __wctomb
 .sdata         0x00000000012da3b4       0x14 ../DMA_bsp/\libhal_bsp.a(alt_dev.o)
                0x00000000012da3b4                alt_fs_list
                0x00000000012da3bc                alt_dev_list
                0x00000000012da3c4                alt_max_fd
 .sdata         0x00000000012da3c8        0x4 ../DMA_bsp/\libhal_bsp.a(alt_errno.o)
                0x00000000012da3c8                alt_errno
 .sdata         0x00000000012da3cc        0x4 ../DMA_bsp/\libhal_bsp.a(alt_irq_vars.o)
                0x00000000012da3cc                alt_priority_mask
 .sdata         0x00000000012da3d0        0x4 ../DMA_bsp/\libhal_bsp.a(alt_sbrk.o)
 .sdata         0x00000000012da3d4        0x8 ../DMA_bsp/\libhal_bsp.a(alt_tick.o)
                0x00000000012da3d4                alt_alarm_list
 *(.sdata2 .sdata2.* .gnu.linkonce.s2.*)
                0x00000000012da3dc                . = ALIGN (0x4)
                0x00000000012da3dc                _edata = ABSOLUTE (.)
                [!provide]                        PROVIDE (edata, ABSOLUTE (.))
                0x00000000012da3dc                PROVIDE (__ram_rwdata_end, ABSOLUTE (.))
                0x00000000012da3dc                PROVIDE (__flash_rwdata_start, LOADADDR (.rwdata))

.bss            0x00000000012dbed0      0x16c
                0x00000000012dbed0                __bss_start = ABSOLUTE (.)
                [!provide]                        PROVIDE (__sbss_start, ABSOLUTE (.))
                [!provide]                        PROVIDE (___sbss_start, ABSOLUTE (.))
 *(.dynsbss)
 *(.sbss .sbss.* .gnu.linkonce.sb.*)
 .sbss          0x00000000012dbed0        0xc obj/default/counter.o
                0x00000000012dbed0                counter
                0x00000000012dbed4                counter_int
                0x00000000012dbed8                dma_end_flag
 .sbss._PathLocale
                0x00000000012dbedc        0x4 d:/fpga/nios2eds/bin/gnu/h-x86_64-mingw32/bin/../lib/gcc/nios2-elf/5.3.0/../../../../../H-x86_64-mingw32/nios2-elf/lib\libc.a(lib_a-locale.o)
                0x00000000012dbedc                _PathLocale
 .sbss.__mlocale_changed
                0x00000000012dbee0        0x4 d:/fpga/nios2eds/bin/gnu/h-x86_64-mingw32/bin/../lib/gcc/nios2-elf/5.3.0/../../../../../H-x86_64-mingw32/nios2-elf/lib\libc.a(lib_a-locale.o)
                0x00000000012dbee0                __mlocale_changed
 .sbss.__nlocale_changed
                0x00000000012dbee4        0x4 d:/fpga/nios2eds/bin/gnu/h-x86_64-mingw32/bin/../lib/gcc/nios2-elf/5.3.0/../../../../../H-x86_64-mingw32/nios2-elf/lib\libc.a(lib_a-locale.o)
                0x00000000012dbee4                __nlocale_changed
 .sbss.__malloc_max_total_mem
                0x00000000012dbee8        0x4 d:/fpga/nios2eds/bin/gnu/h-x86_64-mingw32/bin/../lib/gcc/nios2-elf/5.3.0/../../../../../H-x86_64-mingw32/nios2-elf/lib\libc.a(lib_a-mallocr.o)
                0x00000000012dbee8                __malloc_max_total_mem
 .sbss.__malloc_max_sbrked_mem
                0x00000000012dbeec        0x4 d:/fpga/nios2eds/bin/gnu/h-x86_64-mingw32/bin/../lib/gcc/nios2-elf/5.3.0/../../../../../H-x86_64-mingw32/nios2-elf/lib\libc.a(lib_a-mallocr.o)
                0x00000000012dbeec                __malloc_max_sbrked_mem
 .sbss.__malloc_top_pad
                0x00000000012dbef0        0x4 d:/fpga/nios2eds/bin/gnu/h-x86_64-mingw32/bin/../lib/gcc/nios2-elf/5.3.0/../../../../../H-x86_64-mingw32/nios2-elf/lib\libc.a(lib_a-mallocr.o)
                0x00000000012dbef0                __malloc_top_pad
 .sbss          0x00000000012dbef4        0x4 d:/fpga/nios2eds/bin/gnu/h-x86_64-mingw32/bin/../lib/gcc/nios2-elf/5.3.0/../../../../../H-x86_64-mingw32/nios2-elf/lib\libc.a(lib_a-int_errno.o)
                0x00000000012dbef4                errno
 .sbss          0x00000000012dbef8        0x4 ../DMA_bsp/\libhal_bsp.a(alt_irq_vars.o)
                0x00000000012dbef8                alt_irq_active
 .sbss          0x00000000012dbefc        0xc ../DMA_bsp/\libhal_bsp.a(alt_main.o)
                0x00000000012dbefc                alt_argc
                0x00000000012dbf00                alt_argv
                0x00000000012dbf04                alt_envp
 .sbss          0x00000000012dbf08        0x8 ../DMA_bsp/\libhal_bsp.a(alt_tick.o)
                0x00000000012dbf08                _alt_tick_rate
                0x00000000012dbf0c                _alt_nticks
 .sbss          0x00000000012dbf10        0x4 ../DMA_bsp/\libhal_bsp.a(alt_instruction_exception_entry.o)
                0x00000000012dbf10                alt_instruction_exception_handler
 *(.sbss2 .sbss2.* .gnu.linkonce.sb2.*)
 *(.scommon)
                [!provide]                        PROVIDE (__sbss_end, ABSOLUTE (.))
                [!provide]                        PROVIDE (___sbss_end, ABSOLUTE (.))
 *(.dynbss)
 *(.bss .bss.* .gnu.linkonce.b.*)
 .bss           0x00000000012dbf14        0x0 ../DMA_bsp//obj/HAL/src/crt0.o
 .bss           0x00000000012dbf14        0x0 obj/default/counter.o
 .bss           0x00000000012dbf14        0x0 d:/fpga/nios2eds/bin/gnu/h-x86_64-mingw32/bin/../lib/gcc/nios2-elf/5.3.0\libgcc.a(lib2-divmod.o)
 .bss           0x00000000012dbf14        0x0 d:/fpga/nios2eds/bin/gnu/h-x86_64-mingw32/bin/../lib/gcc/nios2-elf/5.3.0/../../../../../H-x86_64-mingw32/nios2-elf/lib\libc.a(lib_a-printf.o)
 .bss           0x00000000012dbf14        0x0 d:/fpga/nios2eds/bin/gnu/h-x86_64-mingw32/bin/../lib/gcc/nios2-elf/5.3.0/../../../../../H-x86_64-mingw32/nios2-elf/lib\libc.a(lib_a-puts.o)
 .bss           0x00000000012dbf14        0x0 d:/fpga/nios2eds/bin/gnu/h-x86_64-mingw32/bin/../lib/gcc/nios2-elf/5.3.0/../../../../../H-x86_64-mingw32/nios2-elf/lib\libc.a(lib_a-strlen.o)
 .bss           0x00000000012dbf14        0x0 d:/fpga/nios2eds/bin/gnu/h-x86_64-mingw32/bin/../lib/gcc/nios2-elf/5.3.0/../../../../../H-x86_64-mingw32/nios2-elf/lib\libc.a(lib_a-vfprintf.o)
 .bss           0x00000000012dbf14        0x0 d:/fpga/nios2eds/bin/gnu/h-x86_64-mingw32/bin/../lib/gcc/nios2-elf/5.3.0/../../../../../H-x86_64-mingw32/nios2-elf/lib\libc.a(lib_a-wsetup.o)
 .bss           0x00000000012dbf14        0x0 d:/fpga/nios2eds/bin/gnu/h-x86_64-mingw32/bin/../lib/gcc/nios2-elf/5.3.0/../../../../../H-x86_64-mingw32/nios2-elf/lib\libc.a(lib_a-dtoa.o)
 .bss           0x00000000012dbf14        0x0 d:/fpga/nios2eds/bin/gnu/h-x86_64-mingw32/bin/../lib/gcc/nios2-elf/5.3.0/../../../../../H-x86_64-mingw32/nios2-elf/lib\libc.a(lib_a-fflush.o)
 .bss           0x00000000012dbf14        0x0 d:/fpga/nios2eds/bin/gnu/h-x86_64-mingw32/bin/../lib/gcc/nios2-elf/5.3.0/../../../../../H-x86_64-mingw32/nios2-elf/lib\libc.a(lib_a-findfp.o)
 .bss           0x00000000012dbf14        0x0 d:/fpga/nios2eds/bin/gnu/h-x86_64-mingw32/bin/../lib/gcc/nios2-elf/5.3.0/../../../../../H-x86_64-mingw32/nios2-elf/lib\libc.a(lib_a-freer.o)
 .bss           0x00000000012dbf14        0x0 d:/fpga/nios2eds/bin/gnu/h-x86_64-mingw32/bin/../lib/gcc/nios2-elf/5.3.0/../../../../../H-x86_64-mingw32/nios2-elf/lib\libc.a(lib_a-fvwrite.o)
 .bss           0x00000000012dbf14        0x0 d:/fpga/nios2eds/bin/gnu/h-x86_64-mingw32/bin/../lib/gcc/nios2-elf/5.3.0/../../../../../H-x86_64-mingw32/nios2-elf/lib\libc.a(lib_a-fwalk.o)
 .bss           0x00000000012dbf14        0x0 d:/fpga/nios2eds/bin/gnu/h-x86_64-mingw32/bin/../lib/gcc/nios2-elf/5.3.0/../../../../../H-x86_64-mingw32/nios2-elf/lib\libc.a(lib_a-impure.o)
 .bss           0x00000000012dbf14        0x0 d:/fpga/nios2eds/bin/gnu/h-x86_64-mingw32/bin/../lib/gcc/nios2-elf/5.3.0/../../../../../H-x86_64-mingw32/nios2-elf/lib\libc.a(lib_a-locale.o)
 .bss           0x00000000012dbf14        0x0 d:/fpga/nios2eds/bin/gnu/h-x86_64-mingw32/bin/../lib/gcc/nios2-elf/5.3.0/../../../../../H-x86_64-mingw32/nios2-elf/lib\libc.a(lib_a-makebuf.o)
 .bss           0x00000000012dbf14        0x0 d:/fpga/nios2eds/bin/gnu/h-x86_64-mingw32/bin/../lib/gcc/nios2-elf/5.3.0/../../../../../H-x86_64-mingw32/nios2-elf/lib\libc.a(lib_a-mallocr.o)
 .bss.__malloc_current_mallinfo
                0x00000000012dbf14       0x28 d:/fpga/nios2eds/bin/gnu/h-x86_64-mingw32/bin/../lib/gcc/nios2-elf/5.3.0/../../../../../H-x86_64-mingw32/nios2-elf/lib\libc.a(lib_a-mallocr.o)
                0x00000000012dbf14                __malloc_current_mallinfo
 .bss           0x00000000012dbf3c        0x0 d:/fpga/nios2eds/bin/gnu/h-x86_64-mingw32/bin/../lib/gcc/nios2-elf/5.3.0/../../../../../H-x86_64-mingw32/nios2-elf/lib\libc.a(lib_a-memchr.o)
 .bss           0x00000000012dbf3c        0x0 d:/fpga/nios2eds/bin/gnu/h-x86_64-mingw32/bin/../lib/gcc/nios2-elf/5.3.0/../../../../../H-x86_64-mingw32/nios2-elf/lib\libc.a(lib_a-memcpy.o)
 .bss           0x00000000012dbf3c        0x0 d:/fpga/nios2eds/bin/gnu/h-x86_64-mingw32/bin/../lib/gcc/nios2-elf/5.3.0/../../../../../H-x86_64-mingw32/nios2-elf/lib\libc.a(lib_a-memmove.o)
 .bss           0x00000000012dbf3c        0x0 d:/fpga/nios2eds/bin/gnu/h-x86_64-mingw32/bin/../lib/gcc/nios2-elf/5.3.0/../../../../../H-x86_64-mingw32/nios2-elf/lib\libc.a(lib_a-memset.o)
 .bss           0x00000000012dbf3c        0x0 d:/fpga/nios2eds/bin/gnu/h-x86_64-mingw32/bin/../lib/gcc/nios2-elf/5.3.0/../../../../../H-x86_64-mingw32/nios2-elf/lib\libc.a(lib_a-mprec.o)
 .bss           0x00000000012dbf3c        0x0 d:/fpga/nios2eds/bin/gnu/h-x86_64-mingw32/bin/../lib/gcc/nios2-elf/5.3.0/../../../../../H-x86_64-mingw32/nios2-elf/lib\libc.a(lib_a-reallocr.o)
 .bss           0x00000000012dbf3c        0x0 d:/fpga/nios2eds/bin/gnu/h-x86_64-mingw32/bin/../lib/gcc/nios2-elf/5.3.0/../../../../../H-x86_64-mingw32/nios2-elf/lib\libc.a(lib_a-s_fpclassify.o)
 .bss           0x00000000012dbf3c        0x0 d:/fpga/nios2eds/bin/gnu/h-x86_64-mingw32/bin/../lib/gcc/nios2-elf/5.3.0/../../../../../H-x86_64-mingw32/nios2-elf/lib\libc.a(lib_a-sbrkr.o)
 .bss           0x00000000012dbf3c        0x0 d:/fpga/nios2eds/bin/gnu/h-x86_64-mingw32/bin/../lib/gcc/nios2-elf/5.3.0/../../../../../H-x86_64-mingw32/nios2-elf/lib\libc.a(lib_a-stdio.o)
 .bss           0x00000000012dbf3c        0x0 d:/fpga/nios2eds/bin/gnu/h-x86_64-mingw32/bin/../lib/gcc/nios2-elf/5.3.0/../../../../../H-x86_64-mingw32/nios2-elf/lib\libc.a(lib_a-strcmp.o)
 .bss           0x00000000012dbf3c        0x0 d:/fpga/nios2eds/bin/gnu/h-x86_64-mingw32/bin/../lib/gcc/nios2-elf/5.3.0/../../../../../H-x86_64-mingw32/nios2-elf/lib\libc.a(lib_a-vfiprintf.o)
 .bss           0x00000000012dbf3c        0x0 d:/fpga/nios2eds/bin/gnu/h-x86_64-mingw32/bin/../lib/gcc/nios2-elf/5.3.0/../../../../../H-x86_64-mingw32/nios2-elf/lib\libc.a(lib_a-writer.o)
 .bss           0x00000000012dbf3c        0x0 d:/fpga/nios2eds/bin/gnu/h-x86_64-mingw32/bin/../lib/gcc/nios2-elf/5.3.0/../../../../../H-x86_64-mingw32/nios2-elf/lib\libc.a(closer.o)
 .bss           0x00000000012dbf3c        0x0 d:/fpga/nios2eds/bin/gnu/h-x86_64-mingw32/bin/../lib/gcc/nios2-elf/5.3.0/../../../../../H-x86_64-mingw32/nios2-elf/lib\libc.a(lib_a-callocr.o)
 .bss           0x00000000012dbf3c        0x0 d:/fpga/nios2eds/bin/gnu/h-x86_64-mingw32/bin/../lib/gcc/nios2-elf/5.3.0/../../../../../H-x86_64-mingw32/nios2-elf/lib\libc.a(lib_a-fclose.o)
 .bss           0x00000000012dbf3c        0x0 d:/fpga/nios2eds/bin/gnu/h-x86_64-mingw32/bin/../lib/gcc/nios2-elf/5.3.0/../../../../../H-x86_64-mingw32/nios2-elf/lib\libc.a(lib_a-fputwc.o)
 .bss           0x00000000012dbf3c        0x0 d:/fpga/nios2eds/bin/gnu/h-x86_64-mingw32/bin/../lib/gcc/nios2-elf/5.3.0/../../../../../H-x86_64-mingw32/nios2-elf/lib\libc.a(lib_a-fstatr.o)
 .bss           0x00000000012dbf3c        0x0 d:/fpga/nios2eds/bin/gnu/h-x86_64-mingw32/bin/../lib/gcc/nios2-elf/5.3.0/../../../../../H-x86_64-mingw32/nios2-elf/lib\libc.a(lib_a-int_errno.o)
 .bss           0x00000000012dbf3c        0x0 d:/fpga/nios2eds/bin/gnu/h-x86_64-mingw32/bin/../lib/gcc/nios2-elf/5.3.0/../../../../../H-x86_64-mingw32/nios2-elf/lib\libc.a(lib_a-isattyr.o)
 .bss           0x00000000012dbf3c        0x0 d:/fpga/nios2eds/bin/gnu/h-x86_64-mingw32/bin/../lib/gcc/nios2-elf/5.3.0/../../../../../H-x86_64-mingw32/nios2-elf/lib\libc.a(lib_a-lseekr.o)
 .bss           0x00000000012dbf3c        0x0 d:/fpga/nios2eds/bin/gnu/h-x86_64-mingw32/bin/../lib/gcc/nios2-elf/5.3.0/../../../../../H-x86_64-mingw32/nios2-elf/lib\libc.a(lib_a-readr.o)
 .bss           0x00000000012dbf3c        0x0 d:/fpga/nios2eds/bin/gnu/h-x86_64-mingw32/bin/../lib/gcc/nios2-elf/5.3.0/../../../../../H-x86_64-mingw32/nios2-elf/lib\libc.a(lib_a-wbuf.o)
 .bss           0x00000000012dbf3c        0x0 d:/fpga/nios2eds/bin/gnu/h-x86_64-mingw32/bin/../lib/gcc/nios2-elf/5.3.0/../../../../../H-x86_64-mingw32/nios2-elf/lib\libc.a(lib_a-wcrtomb.o)
 .bss           0x00000000012dbf3c        0x0 d:/fpga/nios2eds/bin/gnu/h-x86_64-mingw32/bin/../lib/gcc/nios2-elf/5.3.0/../../../../../H-x86_64-mingw32/nios2-elf/lib\libc.a(lib_a-wctomb_r.o)
 .bss           0x00000000012dbf3c        0x0 d:/fpga/nios2eds/bin/gnu/h-x86_64-mingw32/bin/../lib/gcc/nios2-elf/5.3.0\libgcc.a(_udivdi3.o)
 .bss           0x00000000012dbf3c        0x0 d:/fpga/nios2eds/bin/gnu/h-x86_64-mingw32/bin/../lib/gcc/nios2-elf/5.3.0\libgcc.a(_umoddi3.o)
 .bss           0x00000000012dbf3c        0x0 d:/fpga/nios2eds/bin/gnu/h-x86_64-mingw32/bin/../lib/gcc/nios2-elf/5.3.0\libgcc.a(adddf3.o)
 .bss           0x00000000012dbf3c        0x0 d:/fpga/nios2eds/bin/gnu/h-x86_64-mingw32/bin/../lib/gcc/nios2-elf/5.3.0\libgcc.a(divdf3.o)
 .bss           0x00000000012dbf3c        0x0 d:/fpga/nios2eds/bin/gnu/h-x86_64-mingw32/bin/../lib/gcc/nios2-elf/5.3.0\libgcc.a(eqdf2.o)
 .bss           0x00000000012dbf3c        0x0 d:/fpga/nios2eds/bin/gnu/h-x86_64-mingw32/bin/../lib/gcc/nios2-elf/5.3.0\libgcc.a(gedf2.o)
 .bss           0x00000000012dbf3c        0x0 d:/fpga/nios2eds/bin/gnu/h-x86_64-mingw32/bin/../lib/gcc/nios2-elf/5.3.0\libgcc.a(ledf2.o)
 .bss           0x00000000012dbf3c        0x0 d:/fpga/nios2eds/bin/gnu/h-x86_64-mingw32/bin/../lib/gcc/nios2-elf/5.3.0\libgcc.a(muldf3.o)
 .bss           0x00000000012dbf3c        0x0 d:/fpga/nios2eds/bin/gnu/h-x86_64-mingw32/bin/../lib/gcc/nios2-elf/5.3.0\libgcc.a(subdf3.o)
 .bss           0x00000000012dbf3c        0x0 d:/fpga/nios2eds/bin/gnu/h-x86_64-mingw32/bin/../lib/gcc/nios2-elf/5.3.0\libgcc.a(fixdfsi.o)
 .bss           0x00000000012dbf3c        0x0 d:/fpga/nios2eds/bin/gnu/h-x86_64-mingw32/bin/../lib/gcc/nios2-elf/5.3.0\libgcc.a(floatsidf.o)
 .bss           0x00000000012dbf3c        0x0 d:/fpga/nios2eds/bin/gnu/h-x86_64-mingw32/bin/../lib/gcc/nios2-elf/5.3.0\libgcc.a(floatunsidf.o)
 .bss           0x00000000012dbf3c        0x0 d:/fpga/nios2eds/bin/gnu/h-x86_64-mingw32/bin/../lib/gcc/nios2-elf/5.3.0\libgcc.a(_clz.o)
 .bss           0x00000000012dbf3c        0x0 d:/fpga/nios2eds/bin/gnu/h-x86_64-mingw32/bin/../lib/gcc/nios2-elf/5.3.0\libgcc.a(_clzsi2.o)
 .bss           0x00000000012dbf3c        0x0 ../DMA_bsp/\libhal_bsp.a(alt_close.o)
 .bss           0x00000000012dbf3c        0x0 ../DMA_bsp/\libhal_bsp.a(alt_dev.o)
 .bss           0x00000000012dbf3c        0x0 ../DMA_bsp/\libhal_bsp.a(alt_errno.o)
 .bss           0x00000000012dbf3c        0x0 ../DMA_bsp/\libhal_bsp.a(alt_fstat.o)
 .bss           0x00000000012dbf3c        0x0 ../DMA_bsp/\libhal_bsp.a(alt_irq_register.o)
 .bss           0x00000000012dbf3c        0x0 ../DMA_bsp/\libhal_bsp.a(alt_irq_vars.o)
 .bss           0x00000000012dbf3c        0x0 ../DMA_bsp/\libhal_bsp.a(alt_isatty.o)
 .bss           0x00000000012dbf3c        0x0 ../DMA_bsp/\libhal_bsp.a(alt_load.o)
 .bss           0x00000000012dbf3c        0x0 ../DMA_bsp/\libhal_bsp.a(alt_lseek.o)
 .bss           0x00000000012dbf3c        0x0 ../DMA_bsp/\libhal_bsp.a(alt_main.o)
 .bss           0x00000000012dbf3c        0x0 ../DMA_bsp/\libhal_bsp.a(alt_malloc_lock.o)
 .bss           0x00000000012dbf3c        0x0 ../DMA_bsp/\libhal_bsp.a(alt_read.o)
 .bss           0x00000000012dbf3c        0x0 ../DMA_bsp/\libhal_bsp.a(alt_release_fd.o)
 .bss           0x00000000012dbf3c        0x0 ../DMA_bsp/\libhal_bsp.a(alt_sbrk.o)
 .bss           0x00000000012dbf3c        0x0 ../DMA_bsp/\libhal_bsp.a(alt_write.o)
 .bss           0x00000000012dbf3c        0x0 ../DMA_bsp/\libhal_bsp.a(alt_sys_init.o)
 .bss           0x00000000012dbf3c        0x0 ../DMA_bsp/\libhal_bsp.a(altera_avalon_jtag_uart_fd.o)
 .bss           0x00000000012dbf3c        0x0 ../DMA_bsp/\libhal_bsp.a(altera_avalon_jtag_uart_init.o)
 .bss           0x00000000012dbf3c        0x0 ../DMA_bsp/\libhal_bsp.a(altera_avalon_jtag_uart_ioctl.o)
 .bss           0x00000000012dbf3c        0x0 ../DMA_bsp/\libhal_bsp.a(altera_avalon_jtag_uart_read.o)
 .bss           0x00000000012dbf3c        0x0 ../DMA_bsp/\libhal_bsp.a(altera_avalon_jtag_uart_write.o)
 .bss           0x00000000012dbf3c        0x0 ../DMA_bsp/\libhal_bsp.a(altera_avalon_timer_sc.o)
 .bss           0x00000000012dbf3c        0x0 ../DMA_bsp/\libhal_bsp.a(alt_alarm_start.o)
 .bss           0x00000000012dbf3c        0x0 ../DMA_bsp/\libhal_bsp.a(alt_dcache_flush_all.o)
 .bss           0x00000000012dbf3c        0x0 ../DMA_bsp/\libhal_bsp.a(alt_dev_llist_insert.o)
 .bss           0x00000000012dbf3c        0x0 ../DMA_bsp/\libhal_bsp.a(alt_do_ctors.o)
 .bss           0x00000000012dbf3c        0x0 ../DMA_bsp/\libhal_bsp.a(alt_do_dtors.o)
 .bss           0x00000000012dbf3c        0x0 ../DMA_bsp/\libhal_bsp.a(alt_icache_flush_all.o)
 .bss           0x00000000012dbf3c        0x0 ../DMA_bsp/\libhal_bsp.a(alt_iic.o)
 .bss           0x00000000012dbf3c        0x0 ../DMA_bsp/\libhal_bsp.a(alt_iic_isr_register.o)
 .bss           0x00000000012dbf3c        0x0 ../DMA_bsp/\libhal_bsp.a(alt_io_redirect.o)
 .bss           0x00000000012dbf3c        0x0 ../DMA_bsp/\libhal_bsp.a(alt_irq_entry.o)
 .bss           0x00000000012dbf3c        0x0 ../DMA_bsp/\libhal_bsp.a(alt_irq_handler.o)
 .bss           0x00000000012dbf3c        0x0 ../DMA_bsp/\libhal_bsp.a(alt_open.o)
 .bss           0x00000000012dbf3c        0x0 ../DMA_bsp/\libhal_bsp.a(alt_tick.o)
 .bss           0x00000000012dbf3c        0x0 ../DMA_bsp/\libhal_bsp.a(altera_nios2_gen2_irq.o)
 .bss           0x00000000012dbf3c        0x0 ../DMA_bsp/\libhal_bsp.a(alt_exception_entry.o)
 .bss           0x00000000012dbf3c        0x0 ../DMA_bsp/\libhal_bsp.a(alt_find_dev.o)
 .bss           0x00000000012dbf3c        0x0 ../DMA_bsp/\libhal_bsp.a(alt_find_file.o)
 .bss           0x00000000012dbf3c        0x0 ../DMA_bsp/\libhal_bsp.a(alt_get_fd.o)
 .bss           0x00000000012dbf3c        0x0 ../DMA_bsp/\libhal_bsp.a(alt_icache_flush.o)
 .bss           0x00000000012dbf3c        0x0 ../DMA_bsp/\libhal_bsp.a(alt_instruction_exception_entry.o)
 .bss           0x00000000012dbf3c        0x0 d:/fpga/nios2eds/bin/gnu/h-x86_64-mingw32/bin/../lib/gcc/nios2-elf/5.3.0/../../../../../H-x86_64-mingw32/nios2-elf/lib\libc.a(lib_a-atexit.o)
 .bss           0x00000000012dbf3c        0x0 d:/fpga/nios2eds/bin/gnu/h-x86_64-mingw32/bin/../lib/gcc/nios2-elf/5.3.0/../../../../../H-x86_64-mingw32/nios2-elf/lib\libc.a(lib_a-exit.o)
 .bss           0x00000000012dbf3c        0x0 d:/fpga/nios2eds/bin/gnu/h-x86_64-mingw32/bin/../lib/gcc/nios2-elf/5.3.0/../../../../../H-x86_64-mingw32/nios2-elf/lib\libc.a(lib_a-memcmp.o)